======================================================================================================================
DESCRIPTION:

Add API for stats settings

GET /settings/metrics

returns current settings as JSON

POST /settings/metrics

modifies settings, supports json and form content types

GET examples:

$ curl 'http://admin:pass@localhost:9000/settings/metrics/'
{
  "cbcollect": {
    "statsMaxSize": 1073741824,
    "statsMinPeriod": 14
  },
  "derivedMetrics": "all",
...

$ curl 'http://admin:pass@localhost:9000/settings/metrics/prometheus'
{
  "authEnabled": false,
  "listenAddr": "loopback",
  "logLevel": "debug",
  "maxBlockDuration": 25,
  "queryMaxSamples": 200000,
  "reportMetrics": false,
  "reportMetricsInterval": 60,
  "retentionSize": 1024,
  "retentionTime": 365,
  "walCompression": false
}

$ curl 'http://admin:pass@localhost:9000/settings/metrics/prometheus/authEnabled'
false

POST examples:

curl 'http://admin:pass@localhost:9000/settings/metrics/' \
 -d '{"enabled": true,
      "scrapeInterval": 20,
      "prometheus":{"authEnabled":"false"}}' \
 -H "Content-Type:application/json"

curl 'http://admin:pass@localhost:9000/settings/metrics/' \
 -d 'enabled=true&scrapeInterval=20&prometheus.authEnabled=false'

$ curl 'http://admin:asdasd@localhost:9000/settings/metrics/prometheus' \
 -d '{"authEnabled":true}' -H "Content-Type:application/json"

curl 'http://admin:pass@localhost:9000/settings/metrics/prometheus' \
 -d 'authEnabled=false'

curl 'http://admin:pass@localhost:9000/settings/metrics/prometheus/authEnabled'\
 -d 'true'

Change-Id: I4e0ba44f47ad34a99467b9850982d0cb24bd35bf

======================================================================================================================
COMMENTS
======================================================================================================================
Author: Timofey Barmin
Date: 2021-01-21 21:23:47.000000000
Message: 
Uploaded patch set 4.
----------------------------------------------------------------------------------------------------------------------
Author: Build Bot
Date: 2021-01-21 21:23:58.000000000
Message: 
Patch Set 4:

Build Started http://cv.jenkins.couchbase.com/job/ns-server-test/21244/
----------------------------------------------------------------------------------------------------------------------
Author: Timofey Barmin
Date: 2021-01-21 21:26:24.000000000
Message: 
Patch Set 4:

(8 comments)
----------------------------------------------------------------------------------------------------------------------
Author: Build Bot
Date: 2021-01-21 21:28:38.000000000
Message: 
Patch Set 4: Well-Formed+1

Permission granted to commit to restricted branch
----------------------------------------------------------------------------------------------------------------------
Author: Timofey Barmin
Date: 2021-01-21 21:55:16.000000000
Message: 
Patch Set 4: Verified+1
----------------------------------------------------------------------------------------------------------------------
Author: Steve Watanabe
Date: 2021-01-22 17:42:32.000000000
Message: 
Patch Set 4:

(4 comments)
Line:16, src/menelaus_web_settings2.erl -> Nice. Thanks for adding this.

Line:295, src/menelaus_web_settings2.erl -> Please add some tests.

Line:100, src/menelaus_web_stats.erl -> I'm not sure how this is used. I did the following query...and got results...but what does it tell me?

$ curl -u Administrator:asdasd localhost:9000/settings/metrics/derivedMetrics -d 'abc,def,ghi,jkl'
["abc","def","ghi","jkl"]

----------------------------------------------------------------------------------------------------------------------
Author: Timofey Barmin
Date: 2021-01-25 03:02:32.000000000
MISMATCHED INLINE COMMENT
Line:295, src/menelaus_web_settings2.erl -> done
----------------------------------------------------------------------------------------------------------------------
Author: Steve Watanabe
Date: 2021-01-26 19:24:30.000000000
MISMATCHED INLINE COMMENT
Line:100, src/menelaus_web_stats.erl -> $ curl -u Administrator:asdasd localhost:9000/settings/metrics/derivedMetricsFilter -d 'abc,def,ghi,jkl'
{"errors":{"":"Invalid derived metrics: [\"abc\",\"def\",\"ghi\",\"jkl\"]"}}

$ curl -u Administrator:asdasd localhost:9000/settings/metrics/derivedMetricsFilter -d 'kv_vb_avg_total_queue_age_seconds, kv_ep_ops_update'
["kv_vb_avg_total_queue_age_seconds","kv_ep_ops_update"]
----------------------------------------------------------------------------------------------------------------------
Author: Timofey Barmin
Date: 2021-01-25 03:02:32.000000000
MISMATCHED INLINE COMMENT
Line:100, src/menelaus_web_stats.erl -> It's supposed to be a list of derived metrics. I added some extra checks and changed the option name to make it more clear.
----------------------------------------------------------------------------------------------------------------------
