======================================================================================================================
DESCRIPTION:

Enable "Replace with HEAD" in more cases

The action was enabled only for RepositoryState.SAFE, meaning one
could not use it during a rebase or merge. But actually that condition
is unnecessarily restrictive; the operation can be allowed anytime
provided the repository is not bare and has a HEAD.

Improve the property testers to be able to express the condition "all
selected items are in a repository, which is non-bare and has a head"
efficiently: allow tester arguments to be prefixed by "!" to signify
logical negation. Add a new property test for "hasHead". Then change
the repository test in the enablement condition of the command from
"isSafe" to "!isBare,hasHead". (Multiple arguments are ANDed.)

Adapt the handler's isEnabled(), and add a UI test using "Replace with
HEAD" to resolve a conflict.

Bug: 568038
Change-Id: I7e586c3fa35d0c5b66c8d07a9504105d0765ce77
Signed-off-by: Thomas Wolf <thomas.wolf@paranor.ch>
======================================================================================================================
COMMENTS
======================================================================================================================
Author: Thomas Wolf
Date: 2020-11-18 08:44:07.000000000
Message: 
Uploaded patch set 1.
----------------------------------------------------------------------------------------------------------------------
Author: EGit Bot
Date: 2020-11-18 08:44:13.000000000
Message: 
Patch Set 1:

Build Started https://ci.eclipse.org/egit/job/egit.gerrit/1707/
----------------------------------------------------------------------------------------------------------------------
Author: EGit Bot
Date: 2020-11-18 09:10:36.000000000
Message: 
Patch Set 1: Verified+1

Build Successful 

https://ci.eclipse.org/egit/job/egit.gerrit/1707/ : SUCCESS
----------------------------------------------------------------------------------------------------------------------
Author: Matthias Sohn
Date: 2020-11-19 08:05:52.000000000
Message: 
Patch Set 1:

this behaves different than checkout HEAD -- <path> in C git when applied on a conflicting file:

EGit/JGit not only replace the content of the selected file with the content from HEAD
but also stages this modification. C git only replaces the content but still requires
an explicit git add to stage this modification and mark the conflict resolved.
----------------------------------------------------------------------------------------------------------------------
Author: Thomas Wolf
Date: 2020-11-19 12:53:09.000000000
Message: 
Patch Set 1:

> Patch Set 1:
> 
> this behaves different than checkout HEAD -- <path> in C git when applied on a conflicting file:
> 
> EGit/JGit not only replace the content of the selected file with the content from HEAD
> but also stages this modification. C git only replaces the content but still requires
> an explicit git add to stage this modification and mark the conflict resolved.

I *did* try this before starting to implement it:

  ~/git/jgit $ git status
  rebase in progress; onto ff6a827f4
  You are currently rebasing branch 'dummy_comflict' on 'ff6a827f4'.
    (fix conflicts and then run "git rebase --continue")
    (use "git rebase --skip" to skip this patch)
    (use "git rebase --abort" to check out the original branch)
  
  Unmerged paths:
    (use "git reset HEAD <file>..." to unstage)
    (use "git add <file>..." to mark resolution)
  
  	both modified:   org.eclipse.jgit.packaging/org.eclipse.jgit.target/jgit-4.6.tpd
  
  no changes added to commit (use "git add" and/or "git commit -a")
  ~/git/jgit $ git checkout HEAD org.eclipse.jgit.packaging/org.eclipse.jgit.target/jgit-4.6.tpd
  ~/git/jgit $ git status
  rebase in progress; onto ff6a827f4
  You are currently rebasing branch 'dummy_comflict' on 'ff6a827f4'.
    (all conflicts fixed: run "git rebase --continue")
  
  nothing to commit, working tree clean
  ~/git/jgit $ git status
  rebase in progress; onto ff6a827f4
  You are currently rebasing branch 'dummy_comflict' on 'ff6a827f4'.
    (fix conflicts and then run "git rebase --continue")
    (use "git rebase --skip" to skip this patch)
    (use "git rebase --abort" to check out the original branch)
  
  Unmerged paths:
    (use "git reset HEAD <file>..." to unstage)
    (use "git add <file>..." to mark resolution)
  
  	both modified:   org.eclipse.jgit.packaging/org.eclipse.jgit.target/jgit-4.6.tpd
  
  no changes added to commit (use "git add" and/or "git commit -a")
  ~/git/jgit $ git checkout HEAD -- org.eclipse.jgit.packaging/org.eclipse.jgit.target/jgit-4.6.tpd
  ~/git/jgit $ git status
  rebase in progress; onto ff6a827f4
  You are currently rebasing branch 'dummy_comflict' on 'ff6a827f4'.
    (all conflicts fixed: run "git rebase --continue")
  
  nothing to commit, working tree clean
  ~/git/jgit $ git --version
  git version 2.18.0
  ~/git/jgit $ 

Did this change in newer git versions?
----------------------------------------------------------------------------------------------------------------------
Author: Thomas Wolf
Date: 2020-11-19 12:54:22.000000000
Message: 
Patch Set 1:

That's two runs; after the first "working tree clean" I aborted the rebase and did it again.
----------------------------------------------------------------------------------------------------------------------
Author: Matthias Sohn
Date: 2020-11-22 20:49:05.000000000
Message: 
Patch Set 1:

> Patch Set 1:
> 
> That's two runs; after the first "working tree clean" I aborted the rebase and did it again.

I tried again (using git 2.29.2) both with merge and rebase conflicts and could reproduce that c git behaves exactly in the way you described and this matches the behaviour you implemented.

Not sure what I did when I tried last time.
----------------------------------------------------------------------------------------------------------------------
