======================================================================================================================
DESCRIPTION:

MB-37416: Expose per-collection stats by name or ID

Previously, collection stats were available at manifest-level (exposing
what collections and scopes exist) or per-vbucket (e.g., memory usage of a
collection for each vbucket). This patch aggregates the per-vbucket
stats, and makes them available by collection name or ID (hex, with
optional 0x prefix).

$ cbstats localhost:12000 collections testscope.testcollection3
 testscope:testcollection3:id:       0xa
 testscope:testcollection3:items:    0
 testscope:testcollection3:mem_used: 0

$ cbstats localhost:12000 collections id 0xa
 testscope:testcollection3:id:       0xa
 testscope:testcollection3:items:    0
 testscope:testcollection3:mem_used: 0

$ cbstats localhost:12000 collections id 0Xa
 testscope:testcollection3:id:       0xa
 testscope:testcollection3:items:    0
 testscope:testcollection3:mem_used: 0

$ cbstats localhost:12000 collections id a
 testscope:testcollection3:id:       0xa
 testscope:testcollection3:items:    0
 testscope:testcollection3:mem_used: 0

Specifying an incorrect collection:

$ cbstats localhost:12000 collections testscope.bar
Stats 'collections testscope.bar' are not available from the requested engine. (Memcached error #136:  UNKNOWN_COLLECTION : Operation specified an unknown collection. : {"manifest_uid":"7"})

$ cbstats localhost:12000 collections id af
Stats 'collections-byid 0xaf' are not available from the requested engine. (Memcached error #136:  UNKNOWN_COLLECTION : Operation specified an unknown collection. : {"manifest_uid":"7"})

Change-Id: I1fe4113eff9c36c2695b4f633aa75a9c3209a726

======================================================================================================================
COMMENTS
======================================================================================================================
Author: James H
Date: 2020-03-26 14:54:07.000000000
Message: 
Uploaded patch set 11.
----------------------------------------------------------------------------------------------------------------------
Author: Jim Walker
Date: 2020-03-26 15:39:29.000000000
Message: 
Patch Set 11: Code-Review+2
----------------------------------------------------------------------------------------------------------------------
Author: Build Bot
Date: 2020-03-26 15:41:59.000000000
Message: 
Patch Set 11: Verified+1

Build Successful 

http://cv.jenkins.couchbase.com/job/kv_engine-windows-master/27114/ : SUCCESS

http://cv.jenkins.couchbase.com/job/kv_engine-clang_analyzer-master/23186/ : SUCCESS

http://cv.jenkins.couchbase.com/job/kv_engine-clang_format/25484/ : SUCCESS

http://cv.jenkins.couchbase.com/job/kv_engine-clang_tidy/1369/ : SUCCESS

http://cv.jenkins.couchbase.com/job/kv_engine.linux/job/master/2764/ : SUCCESS

http://cv.jenkins.couchbase.com/job/kv_engine.threadsanitizer/job/master/2813/ : SUCCESS

http://cv.jenkins.couchbase.com/job/kv_engine.linux-CE/job/master/2762/ : SUCCESS

http://cv.jenkins.couchbase.com/job/kv_engine.macos/job/master/1811/ : SUCCESS

http://cv.jenkins.couchbase.com/job/kv_engine.ASan-UBSan/job/master/10622/ : SUCCESS
----------------------------------------------------------------------------------------------------------------------
Author: Dave Rigby
Date: 2020-03-26 17:06:20.000000000
Message: 
Patch Set 11: Code-Review-1

(1 comment)
Line:30, /COMMIT_MSG -> Personally I think this is a bit too smart - if the user wants to specify a hex value they should prefix with 0x. It's unambiguous below decimal 9; but above that, what does "id 10" mean - ten or sixteen ?

----------------------------------------------------------------------------------------------------------------------
Author: James H
Date: 2020-03-26 17:08:37.000000000
Message: 
Patch Set 11:

(1 comment)
Line:30, /COMMIT_MSG -> That was my stance too :badpokerface: http://review.couchbase.org/#/c/123014/13/engines/ep/src/collections/manager.cc@358

----------------------------------------------------------------------------------------------------------------------
Author: Jim Walker
Date: 2020-03-31 10:55:12.000000000
MISMATCHED INLINE COMMENT
Line:30, /COMMIT_MSG -> A review comment isn't an order, you could of said you disagreed!
----------------------------------------------------------------------------------------------------------------------
Author: James H
Date: 2020-03-31 11:15:34.000000000
MISMATCHED INLINE COMMENT
Line:30, /COMMIT_MSG -> Of course! I simply meant it in the sense of "I agree with the point, here's the previous discussion with other points in consideration" :) I changed it the first time because your comment made sense too - it's nice if it's consistent with other usages, and if users see it elsewhere unprefixed and treats it as an "opaque" value then accepting unprefixed is useful. On the other hand, if they are made aware that it is a hex number, a 0x prefix is natural. I can see users going either way.

Both options are valid, and equally either way could lead to a user doing a :jackie: if it's not what they expected - as long as cbstats conveys it well to the user I don't mind either way. Least surprise and all that :)
----------------------------------------------------------------------------------------------------------------------
