======================================================================================================================
DESCRIPTION:

MB-37416: Expose per-collection stats by name or ID

Previously, collection stats were available at manifest-level (exposing
what collections and scopes exist) or per-vbucket (e.g., memory usage of a
collection for each vbucket). This patch aggregates the per-vbucket
stats, and makes them available by collection name or ID (hex, with
optional 0x prefix).

$ cbstats localhost:12000 collections testscope.testcollection3
 testscope:testcollection3:id:       0xa
 testscope:testcollection3:items:    0
 testscope:testcollection3:mem_used: 0

$ cbstats localhost:12000 collections id 0xa
 testscope:testcollection3:id:       0xa
 testscope:testcollection3:items:    0
 testscope:testcollection3:mem_used: 0

$ cbstats localhost:12000 collections id 0Xa
 testscope:testcollection3:id:       0xa
 testscope:testcollection3:items:    0
 testscope:testcollection3:mem_used: 0

$ cbstats localhost:12000 collections id 10
 testscope:testcollection3:id:       0xa
 testscope:testcollection3:items:    0
 testscope:testcollection3:mem_used: 0

Specifying an incorrect collection:

$ cbstats localhost:12000 collections testscope.bar
Stats 'collections testscope.bar' are not available from the requested engine. (Memcached error #136:  UNKNOWN_COLLECTION : Operation specified an unknown collection. : {"manifest_uid":"7"})

$ cbstats localhost:12000 collections id 0xaf
Stats 'collections-byid 0xaf' are not available from the requested engine. (Memcached error #136:  UNKNOWN_COLLECTION : Operation specified an unknown collection. : {"manifest_uid":"7"})

$ cbstats localhost:12000 collections id a
Specified collection "a" is not valid decimal or "0x" prefixed hex.

Change-Id: I1fe4113eff9c36c2695b4f633aa75a9c3209a726

======================================================================================================================
COMMENTS
======================================================================================================================
Author: James H
Date: 2020-03-27 16:53:20.000000000
Message: 
Uploaded patch set 12.
----------------------------------------------------------------------------------------------------------------------
Author: Dave Rigby
Date: 2020-03-27 16:57:37.000000000
Message: 
Patch Set 12: Code-Review+1

LGTM but will let Jim +2.
----------------------------------------------------------------------------------------------------------------------
Author: Jim Walker
Date: 2020-03-31 10:55:12.000000000
Message: 
Patch Set 12:

(1 comment)
----------------------------------------------------------------------------------------------------------------------
