======================================================================================================================
DESCRIPTION:

MB-37416: Expose per-collection stats by name or ID

Previously, collection stats were available at manifest-level (exposing
what collections and scopes exist) or per-vbucket (e.g., memory usage of a
collection for each vbucket). This patch aggregates the per-vbucket
stats, and makes them available by collection name or ID (hex, with
optional 0x prefix).

$ cbstats localhost:12000 collections testscope.testcollection3
 testscope:testcollection3:id:       0xa
 testscope:testcollection3:items:    0
 testscope:testcollection3:mem_used: 0

$ cbstats localhost:12000 collections id 0xa
 testscope:testcollection3:id:       0xa
 testscope:testcollection3:items:    0
 testscope:testcollection3:mem_used: 0

$ cbstats localhost:12000 collections id 0Xa
 testscope:testcollection3:id:       0xa
 testscope:testcollection3:items:    0
 testscope:testcollection3:mem_used: 0

$ cbstats localhost:12000 collections id a
 testscope:testcollection3:id:       0xa
 testscope:testcollection3:items:    0
 testscope:testcollection3:mem_used: 0

Specifying an incorrect collection:

$ cbstats localhost:12000 collections testscope.bar
Stats 'collections testscope.bar' are not available from the requested engine. (Memcached error #136:  UNKNOWN_COLLECTION : Operation specified an unknown collection. : {"manifest_uid":"7"})

$ cbstats localhost:12000 collections id af
Stats 'collections-byid 0xaf' are not available from the requested engine. (Memcached error #136:  UNKNOWN_COLLECTION : Operation specified an unknown collection. : {"manifest_uid":"7"})

Change-Id: I1fe4113eff9c36c2695b4f633aa75a9c3209a726

======================================================================================================================
COMMENTS
======================================================================================================================
Author: James H
Date: 2020-03-23 11:23:31.000000000
Message: 
Uploaded patch set 8.
----------------------------------------------------------------------------------------------------------------------
Author: Build Bot
Date: 2020-03-23 12:10:21.000000000
Message: 
Patch Set 8: Verified-1

Build Failed 

http://cv.jenkins.couchbase.com/job/kv_engine.linux-CE/job/master/2656/ : FAILURE

Failure of a CTest test [2020-03-23T11:32:50.486Z] 194/198 Test  #49: ep_testsuite_dcp.value_eviction.comp_passive .................................Child aborted ( http://cv.jenkins.couchbase.com/job/kv_engine.linux-CE/job/master/2656/ )

http://cv.jenkins.couchbase.com/job/kv_engine-windows-master/27011/ : SUCCESS

http://cv.jenkins.couchbase.com/job/kv_engine-clang_analyzer-master/23097/ : SUCCESS

http://cv.jenkins.couchbase.com/job/kv_engine-clang_format/25385/ : SUCCESS

http://cv.jenkins.couchbase.com/job/kv_engine-clang_tidy/1275/ : SUCCESS

http://cv.jenkins.couchbase.com/job/kv_engine.linux/job/master/2673/ : SUCCESS

http://cv.jenkins.couchbase.com/job/kv_engine.threadsanitizer/job/master/2715/ : SUCCESS

http://cv.jenkins.couchbase.com/job/kv_engine.macos/job/master/1711/ : SUCCESS

http://cv.jenkins.couchbase.com/job/kv_engine.ASan-UBSan/job/master/10521/ : SUCCESS
----------------------------------------------------------------------------------------------------------------------
Author: Build Bot
Date: 2020-03-25 10:27:10.000000000
Message: 
Patch Set 8: Verified+1

Build Successful 

http://cv.jenkins.couchbase.com/job/kv_engine-windows-master/27011/ : SUCCESS

http://cv.jenkins.couchbase.com/job/kv_engine-clang_analyzer-master/23097/ : SUCCESS

http://cv.jenkins.couchbase.com/job/kv_engine-clang_format/25385/ : SUCCESS

http://cv.jenkins.couchbase.com/job/kv_engine-clang_tidy/1275/ : SUCCESS

http://cv.jenkins.couchbase.com/job/kv_engine.linux/job/master/2673/ : SUCCESS

http://cv.jenkins.couchbase.com/job/kv_engine.threadsanitizer/job/master/2715/ : SUCCESS

http://cv.jenkins.couchbase.com/job/kv_engine.macos/job/master/1711/ : SUCCESS

http://cv.jenkins.couchbase.com/job/kv_engine.ASan-UBSan/job/master/10521/ : SUCCESS

http://cv.jenkins.couchbase.com/job/kv_engine.linux-CE/job/master/2709/ : SUCCESS
----------------------------------------------------------------------------------------------------------------------
