======================================================================================================================
DESCRIPTION:

MB-37416: Expose per-collection stats by name or ID

Previously, collection stats were available at manifest-level (exposing
what collections and scopes exist) or per-vbucket (e.g., memory usage of a
collection for each vbucket). This patch aggregates the per-vbucket
stats, and makes them available by collection name or ID (hex, with
optional 0x prefix).

$ cbstats localhost:12000 collections testscope.testcollection3
 testscope:testcollection3:id:       0xa
 testscope:testcollection3:items:    0
 testscope:testcollection3:mem_used: 0

$ cbstats localhost:12000 collections id 0xa
 testscope:testcollection3:id:       0xa
 testscope:testcollection3:items:    0
 testscope:testcollection3:mem_used: 0

$ cbstats localhost:12000 collections id 0Xa
 testscope:testcollection3:id:       0xa
 testscope:testcollection3:items:    0
 testscope:testcollection3:mem_used: 0

$ cbstats localhost:12000 collections id a
 testscope:testcollection3:id:       0xa
 testscope:testcollection3:items:    0
 testscope:testcollection3:mem_used: 0

Specifying an incorrect collection:

$ cbstats localhost:12000 collections testscope.bar
Stats 'collections testscope.bar' are not available from the requested engine. (Memcached error #136:  UNKNOWN_COLLECTION : Operation specified an unknown collection. : {"manifest_uid":"7"})

$ cbstats localhost:12000 collections id af
Stats 'collections-byid 0xaf' are not available from the requested engine. (Memcached error #136:  UNKNOWN_COLLECTION : Operation specified an unknown collection. : {"manifest_uid":"7"})

Change-Id: I1fe4113eff9c36c2695b4f633aa75a9c3209a726

======================================================================================================================
COMMENTS
======================================================================================================================
Author: James H
Date: 2020-03-26 10:00:23.000000000
Message: 
Uploaded patch set 10: Patch Set 9 was rebased.
----------------------------------------------------------------------------------------------------------------------
Author: Build Bot
Date: 2020-03-26 11:32:49.000000000
Message: 
Patch Set 10: Verified-1

Build Failed 

http://cv.jenkins.couchbase.com/job/kv_engine-clang_tidy/1352/ : FAILURE

No problems were identified. If you know why this problem occurred, please add a suitable Cause for it. ( http://cv.jenkins.couchbase.com/job/kv_engine-clang_tidy/1352/ )

http://cv.jenkins.couchbase.com/job/kv_engine.threadsanitizer/job/master/2800/ : FAILURE

No problems were identified. If you know why this problem occurred, please add a suitable Cause for it. ( http://cv.jenkins.couchbase.com/job/kv_engine.threadsanitizer/job/master/2800/ )

http://cv.jenkins.couchbase.com/job/kv_engine-windows-master/27103/ : SUCCESS

http://cv.jenkins.couchbase.com/job/kv_engine-clang_analyzer-master/23175/ : SUCCESS

http://cv.jenkins.couchbase.com/job/kv_engine-clang_format/25473/ : SUCCESS

http://cv.jenkins.couchbase.com/job/kv_engine.linux/job/master/2752/ : SUCCESS

http://cv.jenkins.couchbase.com/job/kv_engine.ASan-UBSan/job/master/10608/ : SUCCESS

http://cv.jenkins.couchbase.com/job/kv_engine.macos/job/master/1799/ : SUCCESS

http://cv.jenkins.couchbase.com/job/kv_engine.linux-CE/job/master/2750/ : SUCCESS
----------------------------------------------------------------------------------------------------------------------
Author: Build Bot
Date: 2020-03-26 11:36:03.000000000
Message: 
Patch Set 10:

Build Failed 

http://cv.jenkins.couchbase.com/job/kv_engine.threadsanitizer/job/master/2800/ : FAILURE

No problems were identified. If you know why this problem occurred, please add a suitable Cause for it. ( http://cv.jenkins.couchbase.com/job/kv_engine.threadsanitizer/job/master/2800/ )

http://cv.jenkins.couchbase.com/job/kv_engine-windows-master/27103/ : SUCCESS

http://cv.jenkins.couchbase.com/job/kv_engine-clang_analyzer-master/23175/ : SUCCESS

http://cv.jenkins.couchbase.com/job/kv_engine-clang_format/25473/ : SUCCESS

http://cv.jenkins.couchbase.com/job/kv_engine.linux/job/master/2752/ : SUCCESS

http://cv.jenkins.couchbase.com/job/kv_engine.ASan-UBSan/job/master/10608/ : SUCCESS

http://cv.jenkins.couchbase.com/job/kv_engine.macos/job/master/1799/ : SUCCESS

http://cv.jenkins.couchbase.com/job/kv_engine.linux-CE/job/master/2750/ : SUCCESS

http://cv.jenkins.couchbase.com/job/kv_engine-clang_tidy/1357/ : SUCCESS
----------------------------------------------------------------------------------------------------------------------
Author: Build Bot
Date: 2020-03-26 11:45:42.000000000
Message: 
Patch Set 10: Verified+1

Build Successful 

http://cv.jenkins.couchbase.com/job/kv_engine-windows-master/27103/ : SUCCESS

http://cv.jenkins.couchbase.com/job/kv_engine-clang_analyzer-master/23175/ : SUCCESS

http://cv.jenkins.couchbase.com/job/kv_engine-clang_format/25473/ : SUCCESS

http://cv.jenkins.couchbase.com/job/kv_engine-clang_tidy/1357/ : SUCCESS

http://cv.jenkins.couchbase.com/job/kv_engine.linux/job/master/2752/ : SUCCESS

http://cv.jenkins.couchbase.com/job/kv_engine.ASan-UBSan/job/master/10608/ : SUCCESS

http://cv.jenkins.couchbase.com/job/kv_engine.macos/job/master/1799/ : SUCCESS

http://cv.jenkins.couchbase.com/job/kv_engine.linux-CE/job/master/2750/ : SUCCESS

http://cv.jenkins.couchbase.com/job/kv_engine.threadsanitizer/job/master/2802/ : SUCCESS
----------------------------------------------------------------------------------------------------------------------
