======================================================================================================================
DESCRIPTION:

MB-37416: Expose per-collection stats by name or ID

Previously, collection stats were available at manifest-level (exposing
what collections and scopes exist) or per-vbucket (e.g., memory usage of a
collection for each vbucket). This patch aggregates the per-vbucket
stats, and makes them available by collection name or ID (hex, with
optional 0x prefix).

$ cbstats localhost:12000 collections testscope.testcollection3
 testscope:testcollection3:id:       0xa
 testscope:testcollection3:items:    0
 testscope:testcollection3:mem_used: 0

$ cbstats localhost:12000 collections id 0xa
 testscope:testcollection3:id:       0xa
 testscope:testcollection3:items:    0
 testscope:testcollection3:mem_used: 0

$ cbstats localhost:12000 collections id 0Xa
 testscope:testcollection3:id:       0xa
 testscope:testcollection3:items:    0
 testscope:testcollection3:mem_used: 0

$ cbstats localhost:12000 collections id 10
 testscope:testcollection3:id:       0xa
 testscope:testcollection3:items:    0
 testscope:testcollection3:mem_used: 0

Specifying an incorrect collection:

$ cbstats localhost:12000 collections testscope.bar
Stats 'collections testscope.bar' are not available from the requested engine. (Memcached error #136:  UNKNOWN_COLLECTION : Operation specified an unknown collection. : {"manifest_uid":"7"})

$ cbstats localhost:12000 collections id 0xaf
Stats 'collections-byid 0xaf' are not available from the requested engine. (Memcached error #136:  UNKNOWN_COLLECTION : Operation specified an unknown collection. : {"manifest_uid":"7"})

$ cbstats localhost:12000 collections id a
Specified collection "a" is not valid decimal or "0x" prefixed hex.

Change-Id: I1fe4113eff9c36c2695b4f633aa75a9c3209a726
Reviewed-on: http://review.couchbase.org/c/kv_engine/+/123500
Reviewed-by: Jim Walker <jim@couchbase.com>
Tested-by: Build Bot <build@couchbase.com>

======================================================================================================================
COMMENTS
======================================================================================================================
Author: Dave Rigby
Date: 2020-03-31 16:43:59.000000000
Message: 
Change has been successfully cherry-picked as 3997aabe3a2b9fc99b0e79f73197daa5395a5fd7 by Dave Rigby
----------------------------------------------------------------------------------------------------------------------
Author: Build Bot
Date: 2020-03-31 16:53:34.000000000
Message: 
Patch Set 14:

Build Started http://cv.jenkins.couchbase.com/job/kv_engine-master-post-commit/3460/ (1/2)
----------------------------------------------------------------------------------------------------------------------
Author: Build Bot
Date: 2020-03-31 17:46:57.000000000
Message: 
Patch Set 14:

Build Successful 

http://cv.jenkins.couchbase.com/job/kv-engine-master-perf/3155/ : SUCCESS

http://cv.jenkins.couchbase.com/job/kv_engine-master-post-commit/3460/ : SUCCESS'
----------------------------------------------------------------------------------------------------------------------
