======================================================================================================================
DESCRIPTION:

MB-37416: Expose per-collection stats by name or ID

Previously, collection stats were available at manifest-level (exposing
what collections and scopes exist) or per-vbucket (e.g., memory usage of a
collection for each vbucket). This patch aggregates the per-vbucket
stats, and makes them available by collection name or ID (hex, with
optional 0x prefix).

$ cbstats localhost:12000 collections testscope.testcollection3
 testscope:testcollection3:id:       0xa
 testscope:testcollection3:items:    0
 testscope:testcollection3:mem_used: 0

$ cbstats localhost:12000 collections id 0xa
 testscope:testcollection3:id:       0xa
 testscope:testcollection3:items:    0
 testscope:testcollection3:mem_used: 0

$ cbstats localhost:12000 collections id 0Xa
 testscope:testcollection3:id:       0xa
 testscope:testcollection3:items:    0
 testscope:testcollection3:mem_used: 0

$ cbstats localhost:12000 collections id a
 testscope:testcollection3:id:       0xa
 testscope:testcollection3:items:    0
 testscope:testcollection3:mem_used: 0

Specifying an incorrect collection:

$ cbstats localhost:12000 collections testscope.bar
Stats 'collections testscope.bar' are not available from the requested engine. (Memcached error #136:  UNKNOWN_COLLECTION : Operation specified an unknown collection. : {"manifest_uid":"7"})

$ cbstats localhost:12000 collections id af
Stats 'collections-byid 0xaf' are not available from the requested engine. (Memcached error #136:  UNKNOWN_COLLECTION : Operation specified an unknown collection. : {"manifest_uid":"7"})

Change-Id: I1fe4113eff9c36c2695b4f633aa75a9c3209a726

======================================================================================================================
COMMENTS
======================================================================================================================
Author: James H
Date: 2020-03-25 17:40:20.000000000
Message: 
Uploaded patch set 9.
----------------------------------------------------------------------------------------------------------------------
Author: Build Bot
Date: 2020-03-25 18:45:10.000000000
Message: 
Patch Set 9: Verified-1

Build Failed 

http://cv.jenkins.couchbase.com/job/kv_engine-windows-master/27094/ : FAILURE

Link error: error LNK2019: unresolved external symbol "__declspec(dllimport) public: __cdecl google::base::CheckOpMessageBuilder::CheckOpMessageBuilder(char const *)" (__imp_??0CheckOpMessageBuilder@base@google@@QEAA@PEBD@Z) referenced in function "class std::basic_string<char,struct std::char_traits<char>,class std::allocator<char> > * __cdecl google::MakeCheckOpString<double,double>(double const &,double const &,char const *)" (??$MakeCheckOpString@NN@google@@YAPEAV?$basic_string@DU?$char_traits@D@std@@V?$allocator@D@2@@std@@AEBN0PEBD@Z) ( http://cv.jenkins.couchbase.com/job/kv_engine-windows-master/27094/ )

http://cv.jenkins.couchbase.com/job/kv_engine-clang_analyzer-master/23166/ : FAILURE

Compile error at /home/couchbase/jenkins/workspace/kv_engine-clang_analyzer-master/kv_engine/engines/ep/src/couch-kvstore/couch-kvstore.cc:296:15:
error: no member named "size" in "_docinfo"
 ( http://cv.jenkins.couchbase.com/job/kv_engine-clang_analyzer-master/23166/ )

http://cv.jenkins.couchbase.com/job/kv_engine.linux/job/master/2742/ : FAILURE

Compile error at [2020-03-25T18:24:38.745Z] ../kv_engine/engines/ep/src/couch-kvstore/couch-kvstore.cc:296:15:
error: ?DocInfo {aka struct _docinfo}? has no member named ?size?
 ( http://cv.jenkins.couchbase.com/job/kv_engine.linux/job/master/2742/ )

http://cv.jenkins.couchbase.com/job/kv_engine.linux-CE/job/master/2739/ : FAILURE

Compile error at [2020-03-25T18:19:20.410Z] ../kv_engine/engines/ep/src/couch-kvstore/couch-kvstore.cc:296:15:
error: ?DocInfo {aka struct _docinfo}? has no member named ?size?
 ( http://cv.jenkins.couchbase.com/job/kv_engine.linux-CE/job/master/2739/ )

http://cv.jenkins.couchbase.com/job/kv_engine.threadsanitizer/job/master/2790/ : FAILURE

Compile error at [2020-03-25T18:33:36.826Z] ../kv_engine/engines/ep/src/couch-kvstore/couch-kvstore.cc:296:15:
error: ?DocInfo {aka struct _docinfo}? has no member named ?size?
 ( http://cv.jenkins.couchbase.com/job/kv_engine.threadsanitizer/job/master/2790/ )

http://cv.jenkins.couchbase.com/job/kv_engine.ASan-UBSan/job/master/10596/ : FAILURE

Compile error at [2020-03-25T18:24:18.671Z] ../kv_engine/engines/ep/src/couch-kvstore/couch-kvstore.cc:296:15:
error: ?DocInfo {aka struct _docinfo}? has no member named ?size?
 ( http://cv.jenkins.couchbase.com/job/kv_engine.ASan-UBSan/job/master/10596/ )

http://cv.jenkins.couchbase.com/job/kv_engine.macos/job/master/1789/ : FAILURE

http://cv.jenkins.couchbase.com/job/kv_engine-clang_format/25464/ : SUCCESS

http://cv.jenkins.couchbase.com/job/kv_engine-clang_tidy/1343/ : SUCCESS
----------------------------------------------------------------------------------------------------------------------
