======================================================================================================================
DESCRIPTION:

MB-37416: Add scope aggregated stats

Introduce stats aggregated over all collections in a scope. This only
includes numeric stats which can be meaningfully summed across
collections. Collection can be specified by name or ID (hex, with
optional 0x prefix).

$ cbstats localhost:12000 scopes testscope
 testscope:id:                       0x8
 testscope:items:                    3
 testscope:mem_used:                 56969
 testscope:testcollection2:id:       0x9
 testscope:testcollection2:items:    1
 testscope:testcollection2:mem_used: 52153
 testscope:testcollection3:id:       0xa
 testscope:testcollection3:items:    0
 testscope:testcollection3:mem_used: 0
 ...

$ cbstats localhost:12000 scopes id 0x8
Or
$ cbstats localhost:12000 scopes id 0X8
Or
$ cbstats localhost:12000 scopes id 8
 testscope:id:                       0x8
 testscope:items:                    3
 testscope:mem_used:                 56969
 testscope:testcollection2:id:       0x9
 testscope:testcollection2:items:    1
 testscope:testcollection2:mem_used: 52153
 testscope:testcollection3:id:       0xa
 testscope:testcollection3:items:    0
 testscope:testcollection3:mem_used: 0
 ...

$ cbstats localhost:12000 scopes noscope
Stats 'scopes noscope' are not available from the requested engine. (Memcached error #140:  UNKNOWN_SCOPE : Operation specified an unknown scope. : {"manifest_uid":"7"})

$ cbstats localhost:12000 scopes id 0f
Stats 'scopes-byid 0xf' are not available from the requested engine. (Memcached error #140:  UNKNOWN_SCOPE : Operation specified an unknown scope. : {"manifest_uid":"7"})

Change-Id: Ib024c489b0b42506dfe9c7eaf3df63de8c457ca0

======================================================================================================================
COMMENTS
======================================================================================================================
Author: James H
Date: 2020-03-23 11:23:31.000000000
Message: 
Uploaded patch set 22.
----------------------------------------------------------------------------------------------------------------------
Author: Build Bot
Date: 2020-03-23 12:11:06.000000000
Message: 
Patch Set 22: Verified-1

Build Failed 

http://cv.jenkins.couchbase.com/job/kv_engine-windows-master/27012/ : FAILURE

Failure of a CTest test 189/192 Test #189: cluster_test ................................................................. ( http://cv.jenkins.couchbase.com/job/kv_engine-windows-master/27012/ )

http://cv.jenkins.couchbase.com/job/kv_engine-clang_analyzer-master/23098/ : SUCCESS

http://cv.jenkins.couchbase.com/job/kv_engine-clang_format/25386/ : SUCCESS

http://cv.jenkins.couchbase.com/job/kv_engine-clang_tidy/1276/ : SUCCESS

http://cv.jenkins.couchbase.com/job/kv_engine.linux/job/master/2674/ : SUCCESS

http://cv.jenkins.couchbase.com/job/kv_engine.linux-CE/job/master/2657/ : SUCCESS

http://cv.jenkins.couchbase.com/job/kv_engine.threadsanitizer/job/master/2716/ : SUCCESS

http://cv.jenkins.couchbase.com/job/kv_engine.macos/job/master/1712/ : SUCCESS

http://cv.jenkins.couchbase.com/job/kv_engine.ASan-UBSan/job/master/10522/ : SUCCESS
----------------------------------------------------------------------------------------------------------------------
Author: Build Bot
Date: 2020-03-25 10:34:14.000000000
Message: 
Patch Set 22:

Build Failed 

http://cv.jenkins.couchbase.com/job/kv_engine-windows-master/27061/ : FAILURE

Failure of a CTest test  30/192 Test  #35: ep_testsuite.ephemeral.comp_active ........................................... ( http://cv.jenkins.couchbase.com/job/kv_engine-windows-master/27061/ )

http://cv.jenkins.couchbase.com/job/kv_engine-clang_analyzer-master/23098/ : SUCCESS

http://cv.jenkins.couchbase.com/job/kv_engine-clang_format/25386/ : SUCCESS

http://cv.jenkins.couchbase.com/job/kv_engine-clang_tidy/1276/ : SUCCESS

http://cv.jenkins.couchbase.com/job/kv_engine.linux/job/master/2674/ : SUCCESS

http://cv.jenkins.couchbase.com/job/kv_engine.linux-CE/job/master/2657/ : SUCCESS

http://cv.jenkins.couchbase.com/job/kv_engine.threadsanitizer/job/master/2716/ : SUCCESS

http://cv.jenkins.couchbase.com/job/kv_engine.macos/job/master/1712/ : SUCCESS

http://cv.jenkins.couchbase.com/job/kv_engine.ASan-UBSan/job/master/10522/ : SUCCESS
----------------------------------------------------------------------------------------------------------------------
Author: Build Bot
Date: 2020-03-25 11:56:50.000000000
Message: 
Patch Set 22: Verified+1

Build Successful 

http://cv.jenkins.couchbase.com/job/kv_engine-clang_analyzer-master/23098/ : SUCCESS

http://cv.jenkins.couchbase.com/job/kv_engine-clang_format/25386/ : SUCCESS

http://cv.jenkins.couchbase.com/job/kv_engine-clang_tidy/1276/ : SUCCESS

http://cv.jenkins.couchbase.com/job/kv_engine.linux/job/master/2674/ : SUCCESS

http://cv.jenkins.couchbase.com/job/kv_engine.linux-CE/job/master/2657/ : SUCCESS

http://cv.jenkins.couchbase.com/job/kv_engine.threadsanitizer/job/master/2716/ : SUCCESS

http://cv.jenkins.couchbase.com/job/kv_engine.macos/job/master/1712/ : SUCCESS

http://cv.jenkins.couchbase.com/job/kv_engine.ASan-UBSan/job/master/10522/ : SUCCESS

http://cv.jenkins.couchbase.com/job/kv_engine-windows-master/27071/ : SUCCESS
----------------------------------------------------------------------------------------------------------------------
Author: Jim Walker
Date: 2020-03-25 15:33:11.000000000
Message: 
Patch Set 22: Code-Review-1

(11 comments)
Line:524, engines/ep/src/collections/manager.cc -> can just be 0, uid only needed for unknown_scope

Line:534, engines/ep/src/collections/manager.cc -> same as above

Line:549, engines/ep/src/collections/manager.cc -> as above

Line:572, engines/ep/src/collections/manager.cc -> std::stoi doesn't throw logic_error, docs say invalid_argument or out_of_range

Line:579, engines/ep/src/collections/manager.cc -> as above

Line:596, engines/ep/src/collections/manager.cc -> this function will read-lock again on the manifest which is already rlocked, it shouldn't be a problem but wonder if the locking an be rejigged so we do the current = rlock() around line 608

Line:605, engines/ep/src/collections/manager.cc -> This and line 583 could be hoisted out of the if/else and into the lines before 608.

Line:623, engines/ep/src/collections/manager.cc -> I wonder if we should just catch std::exception from the call to  this function (ep_engine.cc)?

Line:630, engines/ep/src/collections/manager.cc -> not needed

Line:658, engines/ep/src/collections/manager.cc -> don't need the uid here

Line:4375, engines/ep/src/ep_engine.cc -> only for unknown_scope do we need to add this

----------------------------------------------------------------------------------------------------------------------
Author: James H
Date: 2020-03-25 16:27:16.000000000
Message: 
Patch Set 22:

(11 comments)
Line:524, engines/ep/src/collections/manager.cc -> Done

Line:534, engines/ep/src/collections/manager.cc -> Done

Line:549, engines/ep/src/collections/manager.cc -> Done

Line:572, engines/ep/src/collections/manager.cc -> They both inherit from logic_error. Can split them out into separate catch blocks but it seemed unnecessary considering it just logs e.what().

Line:579, engines/ep/src/collections/manager.cc -> Done

Line:596, engines/ep/src/collections/manager.cc -> Done

Line:605, engines/ep/src/collections/manager.cc -> Done

Line:623, engines/ep/src/collections/manager.cc -> Can do, it would make this a bit less verbose. Is it acceptable style to both return an error code and to throw though?

Line:630, engines/ep/src/collections/manager.cc -> Done

Line:658, engines/ep/src/collections/manager.cc -> Done

Line:4375, engines/ep/src/ep_engine.cc -> Done

----------------------------------------------------------------------------------------------------------------------
Author: Jim Walker
Date: 2020-03-26 14:17:05.000000000
Message: 
Patch Set 22:

(2 comments)
Line:572, engines/ep/src/collections/manager.cc -> ah my mistake - ignore

Line:623, engines/ep/src/collections/manager.cc -> it is unavoidable that we have a mixture of throw and errors I think it's acceptable to wrap the call to this function with try..catch(std::exception), it is exceptional that something here is throwing (presume it's the add_stats stuff which may throw). In terms of this method, you don't even really need to be catching these at all, if addStats did throw (very exceptional) the thread will catch and disconnect the user.

Alteratively, addStatsForCollection can try/catch and return an error

Even the stoi try/catch arguably could be removed, but given that one is easier to hit (malformed input) worth keeping so we could much more easily return any MB which tripped it :D

----------------------------------------------------------------------------------------------------------------------
Author: James H
Date: 2020-03-26 14:55:51.000000000
Message: 
Patch Set 22:

(1 comment)
Line:623, engines/ep/src/collections/manager.cc -> Make sense - removed some of the exceptional try/catches :)

----------------------------------------------------------------------------------------------------------------------
