======================================================================================================================
DESCRIPTION:

MB-37416: Add scope aggregated stats

Introduce stats aggregated over all collections in a scope. This only
includes numeric stats which can be meaningfully summed across
collections.

$ cbstats localhost:12000 scopes
 _default:_default:         0x0
 _default:collections:      1
 _default:id:               0x0
 _default:items:            0
 _default:mem_used:         0
 scopes:                    2
 testscope:collections:     6
 testscope:id:              0x8
 testscope:items:           3
 testscope:mem_used:        56969
 testscope:testcollection:  0x8
 testscope:testcollection2: 0x9
 testscope:testcollection3: 0xa
 testscope:testcollection4: 0xb
 testscope:testcollection5: 0xc
 testscope:testcollection6: 0xd
 uid:                       7

$ cbstats localhost:12000 scopes testscope
 testscope:id:                       0x8
 testscope:items:                    3
 testscope:mem_used:                 56969
 testscope:testcollection2:id:       0x9
 testscope:testcollection2:items:    1
 testscope:testcollection2:mem_used: 52153
 ...
 testscope:testcollection:id:        0x8
 testscope:testcollection:items:     1
 testscope:testcollection:mem_used:  90

$ cbstats localhost:12000 scopes id 0x8
 testscope:id:                       0x8
 testscope:items:                    3
 testscope:mem_used:                 56969
 testscope:testcollection2:id:       0x9
 testscope:testcollection2:items:    1
 testscope:testcollection2:mem_used: 52153
 ...
 testscope:testcollection:id:        0x8
 testscope:testcollection:items:     1
 testscope:testcollection:mem_used:  90

$ cbstats localhost:12000 collections
 _default:_default:id:               0x0
 _default:_default:items:            0
 _default:_default:mem_used:         0
 collections:                        7
 default_exists:                     true
 testscope:testcollection2:id:       0x9
 testscope:testcollection2:items:    1
 testscope:testcollection2:mem_used: 52153
 ...
 testscope:testcollection:id:        0x8
 testscope:testcollection:items:     1
 testscope:testcollection:mem_used:  90
 uid:                                7

$ cbstats localhost:12000 collections testscope.testcollection
 testscope:testcollection:id:       0x8
 testscope:testcollection:items:    1
 testscope:testcollection:mem_used: 90

$ cbstats localhost:12000 collections id 0x8
 testscope:testcollection:id:       0x8
 testscope:testcollection:items:    1
 testscope:testcollection:mem_used: 90

Change-Id: Ib024c489b0b42506dfe9c7eaf3df63de8c457ca0

======================================================================================================================
COMMENTS
======================================================================================================================
Author: James H
Date: 2020-03-05 17:33:02.000000000
Message: 
Uploaded patch set 12: Patch Set 11 was rebased.
----------------------------------------------------------------------------------------------------------------------
Author: Build Bot
Date: 2020-03-05 18:28:07.000000000
Message: 
Patch Set 12: Verified-1

Build Failed 

http://cv.jenkins.couchbase.com/job/kv_engine-windows-master/26654/ : FAILURE

Failure of a CTest test  48/192 Test  #28: ep-engine_ep_unit_tests ...................................................... ( http://cv.jenkins.couchbase.com/job/kv_engine-windows-master/26654/ )

Failure of a GoogleTest test:

CollectionsTest.CollectionStatsIncludesScope (13 ms) ( http://cv.jenkins.couchbase.com/job/kv_engine-windows-master/26654/ )

http://cv.jenkins.couchbase.com/job/kv_engine.threadsanitizer/job/master/2377/ : FAILURE

Failure of a CTest test [2020-03-05T18:20:33.595Z] 196/197 Test  #28: ep-engine_ep_unit_tests ...................................................... ( http://cv.jenkins.couchbase.com/job/kv_engine.threadsanitizer/job/master/2377/ )

http://cv.jenkins.couchbase.com/job/kv_engine.ASan-UBSan/job/master/10193/ : FAILURE

Failure of a CTest test [2020-03-05T18:20:27.088Z] 199/199 Test  #30: ep-engine_ep_unit_tests ...................................................... ( http://cv.jenkins.couchbase.com/job/kv_engine.ASan-UBSan/job/master/10193/ )

http://cv.jenkins.couchbase.com/job/kv_engine.macos/job/master/1408/ : FAILURE

Compile error at [2020-03-05T17:35:02.515Z] /Users/couchbase/workspace/workspace/kv_engine.macos_master/kv_engine/engines/ep/src/collections/manager.cc:30:10:
fatal error: "optional" file not found
 ( http://cv.jenkins.couchbase.com/job/kv_engine.macos/job/master/1408/ )

http://cv.jenkins.couchbase.com/job/kv_engine.linux/job/master/2353/ : FAILURE

No problems were identified. If you know why this problem occurred, please add a suitable Cause for it. ( http://cv.jenkins.couchbase.com/job/kv_engine.linux/job/master/2353/ )

http://cv.jenkins.couchbase.com/job/kv_engine.linux-CE/job/master/2318/ : FAILURE

http://cv.jenkins.couchbase.com/job/kv_engine-clang_format/25050/ : SUCCESS

http://cv.jenkins.couchbase.com/job/kv-engine-cv-perf/15842/ : SUCCESS

http://cv.jenkins.couchbase.com/job/kv_engine-clang_analyzer-master/22788/ : SUCCESS

http://cv.jenkins.couchbase.com/job/kv_engine-clang_tidy/970/ : SUCCESS
----------------------------------------------------------------------------------------------------------------------
Author: Build Bot
Date: 2020-03-09 11:51:55.000000000
Message: 
Patch Set 12:

Build Failed 

http://cv.jenkins.couchbase.com/job/kv_engine-windows-master/26699/ : FAILURE

Link error: error LNK2019: unresolved external symbol "__declspec(dllimport) public: __cdecl google::base::CheckOpMessageBuilder::CheckOpMessageBuilder(char const *)" (__imp_??0CheckOpMessageBuilder@base@google@@QEAA@PEBD@Z) referenced in function "class std::basic_string<char,struct std::char_traits<char>,class std::allocator<char> > * __cdecl google::MakeCheckOpString<double,double>(double const &,double const &,char const *)" (??$MakeCheckOpString@NN@google@@YAPEAV?$basic_string@DU?$char_traits@D@std@@V?$allocator@D@2@@std@@AEBN0PEBD@Z) ( http://cv.jenkins.couchbase.com/job/kv_engine-windows-master/26699/ )

http://cv.jenkins.couchbase.com/job/kv_engine.linux-CE/job/master/2368/ : FAILURE

Failure of a CTest test [2020-03-09T10:50:48.609Z]  34/199 Test  #31: ep-engine_ep_unit_tests ...................................................... ( http://cv.jenkins.couchbase.com/job/kv_engine.linux-CE/job/master/2368/ )

http://cv.jenkins.couchbase.com/job/kv_engine.threadsanitizer/job/master/2426/ : FAILURE

Failure of a CTest test [2020-03-09T10:43:23.377Z] 188/201 Test  #53: ep_testsuite_dcp.full_eviction.comp_active ................................... ( http://cv.jenkins.couchbase.com/job/kv_engine.threadsanitizer/job/master/2426/ )

http://cv.jenkins.couchbase.com/job/kv_engine.ASan-UBSan/job/master/10245/ : FAILURE

Failure of a CTest test [2020-03-09T11:24:14.541Z] 198/199 Test  #30: ep-engine_ep_unit_tests ...................................................... ( http://cv.jenkins.couchbase.com/job/kv_engine.ASan-UBSan/job/master/10245/ )

http://cv.jenkins.couchbase.com/job/kv_engine.macos/job/master/1449/ : FAILURE

Compile error at [2020-03-09T09:52:00.544Z] /Users/couchbase/workspace/workspace/kv_engine.macos_master/kv_engine/engines/ep/src/collections/manager.cc:30:10:
fatal error: "optional" file not found
 ( http://cv.jenkins.couchbase.com/job/kv_engine.macos/job/master/1449/ )

http://cv.jenkins.couchbase.com/job/kv_engine.linux/job/master/2399/ : FAILURE

Failure of a CTest test [2020-03-09T10:35:14.073Z]  58/209 Test  #31: ep-engine_ep_unit_tests ...................................................... ( http://cv.jenkins.couchbase.com/job/kv_engine.linux/job/master/2399/ )

http://cv.jenkins.couchbase.com/job/kv-engine-cv-perf/15879/ : SUCCESS

http://cv.jenkins.couchbase.com/job/kv_engine-clang_analyzer-master/22828/ : SUCCESS

http://cv.jenkins.couchbase.com/job/kv_engine-clang_format/25101/ : SUCCESS

http://cv.jenkins.couchbase.com/job/kv_engine-clang_tidy/1010/ : SUCCESS
----------------------------------------------------------------------------------------------------------------------
