======================================================================================================================
DESCRIPTION:

MB-37416: Add scope aggregated stats

Introduce stats aggregated over all collections in a scope. This only
includes numeric stats which can be meaningfully summed across
collections.

$ cbstats localhost:12000 scopes
 _default:_default:         0x0
 _default:collections:      1
 _default:id:               0x0
 _default:items:            0
 _default:mem_used:         0
 scopes:                    2
 testscope:collections:     6
 testscope:id:              0x8
 testscope:items:           3
 testscope:mem_used:        56969
 testscope:testcollection:  0x8
 testscope:testcollection2: 0x9
 testscope:testcollection3: 0xa
 testscope:testcollection4: 0xb
 testscope:testcollection5: 0xc
 testscope:testcollection6: 0xd
 uid:                       7

$ cbstats localhost:12000 scopes testscope
 testscope:id:                       0x8
 testscope:items:                    3
 testscope:mem_used:                 56969
 testscope:testcollection2:id:       0x9
 testscope:testcollection2:items:    1
 testscope:testcollection2:mem_used: 52153
 ...
 testscope:testcollection:id:        0x8
 testscope:testcollection:items:     1
 testscope:testcollection:mem_used:  90

$ cbstats localhost:12000 scopes id 0x8
 testscope:id:                       0x8
 testscope:items:                    3
 testscope:mem_used:                 56969
 testscope:testcollection2:id:       0x9
 testscope:testcollection2:items:    1
 testscope:testcollection2:mem_used: 52153
 ...
 testscope:testcollection:id:        0x8
 testscope:testcollection:items:     1
 testscope:testcollection:mem_used:  90

$ cbstats localhost:12000 collections
 _default:_default:id:               0x0
 _default:_default:items:            0
 _default:_default:mem_used:         0
 collections:                        7
 default_exists:                     true
 testscope:testcollection2:id:       0x9
 testscope:testcollection2:items:    1
 testscope:testcollection2:mem_used: 52153
 ...
 testscope:testcollection:id:        0x8
 testscope:testcollection:items:     1
 testscope:testcollection:mem_used:  90
 uid:                                7

$ cbstats localhost:12000 collections testscope.testcollection
 testscope:testcollection:id:       0x8
 testscope:testcollection:items:    1
 testscope:testcollection:mem_used: 90

$ cbstats localhost:12000 collections id 0x8
 testscope:testcollection:id:       0x8
 testscope:testcollection:items:    1
 testscope:testcollection:mem_used: 90

Change-Id: Ib024c489b0b42506dfe9c7eaf3df63de8c457ca0

======================================================================================================================
COMMENTS
======================================================================================================================
Author: James H
Date: 2020-03-05 17:04:47.000000000
Message: 
Uploaded patch set 11.
----------------------------------------------------------------------------------------------------------------------
Author: Build Bot
Date: 2020-03-05 17:33:03.000000000
Message: 
Patch Set 11: Verified-1

Build Failed 

http://cv.jenkins.couchbase.com/job/kv-engine-cv-perf/15839/ : ABORTED

Build which was aborted due to a newer patch set being uploaded for the given review. ( http://cv.jenkins.couchbase.com/job/kv-engine-cv-perf/15839/ )

http://cv.jenkins.couchbase.com/job/kv_engine.linux-CE/job/master/2314/ : ABORTED

http://cv.jenkins.couchbase.com/job/kv_engine.ASan-UBSan/job/master/10188/ : ABORTED

Build which was aborted due to a newer patch set being uploaded for the given review. ( http://cv.jenkins.couchbase.com/job/kv_engine.ASan-UBSan/job/master/10188/ )

http://cv.jenkins.couchbase.com/job/kv_engine.threadsanitizer/job/master/2373/ : ABORTED

Build which was aborted due to a newer patch set being uploaded for the given review. ( http://cv.jenkins.couchbase.com/job/kv_engine.threadsanitizer/job/master/2373/ )

http://cv.jenkins.couchbase.com/job/kv_engine-windows-master/26651/ : FAILURE

Compile error at ..\kv_engine\engines\ep\src\collections\manager.cc(308): error C2039: "optional": is not a member of "std" ( http://cv.jenkins.couchbase.com/job/kv_engine-windows-master/26651/ )

http://cv.jenkins.couchbase.com/job/kv_engine.linux/job/master/2349/ : FAILURE

Failure of a CTest test [2020-03-05T17:31:28.302Z]  40/208 Test  #54: ep_testsuite_dcp.value_eviction.comp_active ..................................Child aborted ( http://cv.jenkins.couchbase.com/job/kv_engine.linux/job/master/2349/ )

http://cv.jenkins.couchbase.com/job/kv_engine.macos/job/master/1404/ : FAILURE

Compile error at [2020-03-05T17:10:32.036Z] /Users/couchbase/workspace/workspace/kv_engine.macos_master/kv_engine/engines/ep/src/collections/manager.cc:308:5:
error: no template named "optional" in namespace "std"; did you mean "boost::optional"?
 ( http://cv.jenkins.couchbase.com/job/kv_engine.macos/job/master/1404/ )

http://cv.jenkins.couchbase.com/job/kv_engine-clang_format/25047/ : SUCCESS

http://cv.jenkins.couchbase.com/job/kv_engine-clang_tidy/966/ : SUCCESS
----------------------------------------------------------------------------------------------------------------------
