======================================================================================================================
DESCRIPTION:

MB-37416: Add scope aggregated stats

Introduce stats aggregated over all collections in a scope. This only
includes numeric stats which can be meaningfully summed across
collections.

$ cbstats localhost:12000 scopes
 _default:_default:         0x0
 _default:collections:      1
 _default:id:               0x0
 _default:items:            0
 _default:mem_used:         0
 scopes:                    2
 testscope:collections:     6
 testscope:id:              0x8
 testscope:items:           3
 testscope:mem_used:        56969
 testscope:testcollection:  0x8
 testscope:testcollection2: 0x9
 testscope:testcollection3: 0xa
 testscope:testcollection4: 0xb
 testscope:testcollection5: 0xc
 testscope:testcollection6: 0xd
 uid:                       7

$ cbstats localhost:12000 scopes testscope
 testscope:id:                       0x8
 testscope:items:                    3
 testscope:mem_used:                 56969
 testscope:testcollection2:id:       0x9
 testscope:testcollection2:items:    1
 testscope:testcollection2:mem_used: 52153
 ...
 testscope:testcollection:id:        0x8
 testscope:testcollection:items:     1
 testscope:testcollection:mem_used:  90

$ cbstats localhost:12000 scopes id 0x8
 testscope:id:                       0x8
 testscope:items:                    3
 testscope:mem_used:                 56969
 testscope:testcollection2:id:       0x9
 testscope:testcollection2:items:    1
 testscope:testcollection2:mem_used: 52153
 ...
 testscope:testcollection:id:        0x8
 testscope:testcollection:items:     1
 testscope:testcollection:mem_used:  90

$ cbstats localhost:12000 collections
 _default:_default:id:               0x0
 _default:_default:items:            0
 _default:_default:mem_used:         0
 collections:                        7
 default_exists:                     true
 testscope:testcollection2:id:       0x9
 testscope:testcollection2:items:    1
 testscope:testcollection2:mem_used: 52153
 ...
 testscope:testcollection:id:        0x8
 testscope:testcollection:items:     1
 testscope:testcollection:mem_used:  90
 uid:                                7

$ cbstats localhost:12000 collections testscope.testcollection
 testscope:testcollection:id:       0x8
 testscope:testcollection:items:    1
 testscope:testcollection:mem_used: 90

$ cbstats localhost:12000 collections id 0x8
 testscope:testcollection:id:       0x8
 testscope:testcollection:items:    1
 testscope:testcollection:mem_used: 90

Change-Id: Ib024c489b0b42506dfe9c7eaf3df63de8c457ca0

======================================================================================================================
COMMENTS
======================================================================================================================
Author: James H
Date: 2020-03-09 12:31:39.000000000
Message: 
Uploaded patch set 13.
----------------------------------------------------------------------------------------------------------------------
Author: Build Bot
Date: 2020-03-09 13:39:44.000000000
Message: 
Patch Set 13: Verified-1

Build Failed 

http://cv.jenkins.couchbase.com/job/kv_engine-windows-master/26703/ : FAILURE

Link error: error LNK2019: unresolved external symbol "__declspec(dllimport) public: __cdecl google::base::CheckOpMessageBuilder::CheckOpMessageBuilder(char const *)" (__imp_??0CheckOpMessageBuilder@base@google@@QEAA@PEBD@Z) referenced in function "class std::basic_string<char,struct std::char_traits<char>,class std::allocator<char> > * __cdecl google::MakeCheckOpString<double,double>(double const &,double const &,char const *)" (??$MakeCheckOpString@NN@google@@YAPEAV?$basic_string@DU?$char_traits@D@std@@V?$allocator@D@2@@std@@AEBN0PEBD@Z) ( http://cv.jenkins.couchbase.com/job/kv_engine-windows-master/26703/ )

http://cv.jenkins.couchbase.com/job/kv-engine-cv-perf/15883/ : FAILURE

Compile error at /home/couchbase/jenkins/workspace/kv-engine-cv-perf/kv_engine/engines/ep/src/collections/manager.cc:30:10:
fatal error: charconv: No such file or directory
 ( http://cv.jenkins.couchbase.com/job/kv-engine-cv-perf/15883/ )

http://cv.jenkins.couchbase.com/job/kv_engine-clang_analyzer-master/22832/ : FAILURE

Compile error at /home/couchbase/jenkins/workspace/kv_engine-clang_analyzer-master/kv_engine/engines/ep/src/collections/manager.cc:30:10:
fatal error: "charconv" file not found
 ( http://cv.jenkins.couchbase.com/job/kv_engine-clang_analyzer-master/22832/ )

http://cv.jenkins.couchbase.com/job/kv_engine-clang_tidy/1014/ : FAILURE

Compile error at /home/couchbase/jenkins/workspace/kv_engine-clang_tidy/kv_engine/engines/ep/src/collections/manager.cc:30:10:
error: "charconv" file not found [clang-diagnostic-error]
 ( http://cv.jenkins.couchbase.com/job/kv_engine-clang_tidy/1014/ )

http://cv.jenkins.couchbase.com/job/kv_engine.macos/job/master/1453/ : FAILURE

Compile error at [2020-03-09T12:33:58.963Z] /Users/couchbase/workspace/workspace/kv_engine.macos_master/kv_engine/engines/ep/src/collections/manager.cc:30:10:
fatal error: "charconv" file not found
 ( http://cv.jenkins.couchbase.com/job/kv_engine.macos/job/master/1453/ )

http://cv.jenkins.couchbase.com/job/kv_engine.linux-CE/job/master/2373/ : FAILURE

Compile error at [2020-03-09T12:47:32.599Z] /home/couchbase/jenkins/workspace/kv_engine.linux-CE_master/kv_engine/engines/ep/src/collections/manager.cc:30:10:
fatal error: charconv: No such file or directory
 ( http://cv.jenkins.couchbase.com/job/kv_engine.linux-CE/job/master/2373/ )

http://cv.jenkins.couchbase.com/job/kv_engine.threadsanitizer/job/master/2431/ : FAILURE

Compile error at [2020-03-09T12:55:54.598Z] /home/couchbase/jenkins/workspace/kv_engine.threadsanitizer_master/kv_engine/engines/ep/src/collections/manager.cc:30:10:
fatal error: charconv: No such file or directory
 ( http://cv.jenkins.couchbase.com/job/kv_engine.threadsanitizer/job/master/2431/ )

http://cv.jenkins.couchbase.com/job/kv_engine.linux/job/master/2403/ : FAILURE

Compile error at [2020-03-09T12:53:24.846Z] /home/couchbase/jenkins/workspace/kv_engine.linux_master/kv_engine/engines/ep/src/collections/manager.cc:30:10:
fatal error: charconv: No such file or directory
 ( http://cv.jenkins.couchbase.com/job/kv_engine.linux/job/master/2403/ )

http://cv.jenkins.couchbase.com/job/kv_engine.ASan-UBSan/job/master/10251/ : FAILURE

Compile error at [2020-03-09T13:04:18.977Z] /home/couchbase/jenkins/workspace/kv_engine.ASan-UBSan_master/kv_engine/engines/ep/src/collections/manager.cc:30:10:
fatal error: charconv: No such file or directory
 ( http://cv.jenkins.couchbase.com/job/kv_engine.ASan-UBSan/job/master/10251/ )

http://cv.jenkins.couchbase.com/job/kv_engine-clang_format/25111/ : SUCCESS
----------------------------------------------------------------------------------------------------------------------
Author: Jim Walker
Date: 2020-03-10 10:01:35.000000000
Message: 
Patch Set 13: Code-Review-1

(1 comment)

Maybe time to split this patch, it seems to contain a few things now

1) the scope aggregation
2) collection/scope-by id and related changes
Line:358, engines/ep/src/collections/manager.cc -> We should accept either 0x or no prefix, but require a hex value.

That gets us consistent with other places we expose the ID,

in general when humans access/view the ID we prefix it, but the JSON manifes (which is machine to machine API) forgoes the 0x prefix because it's not really needed, but it does mean we may get users trying to input a non 0x prefixed hex value

----------------------------------------------------------------------------------------------------------------------
Author: James H
Date: 2020-03-10 10:14:40.000000000
Message: 
Patch Set 13:

(1 comment)

Yeah it is getting a bit wider than it should, will split
Line:358, engines/ep/src/collections/manager.cc -> Hmmm, I was concerned that without the prefix users might try give it in decimal, but I guess that's kinda on them for seeing it in hex everywhere and choosing to convert it.

Will fix

----------------------------------------------------------------------------------------------------------------------
Author: Dave Rigby
Date: 2020-03-26 17:12:04.000000000
Message: 
Patch Set 13:

(1 comment)
Line:358, engines/ep/src/collections/manager.cc -> I know we use hex internally for collections, but that's not the case for various existing things in cbstats (e.g. vbucket-details <VBID>, failovers <VBID>). 

I'm less concerned about what you want to have "on the wire" (i.e. how it's parsed inside this file), but I'd say that in cbstats if the user specifies a number without a '0x' prefix then it's considered decimal input from a human and hence cbstats converts it.

----------------------------------------------------------------------------------------------------------------------
Author: James H
Date: 2020-03-26 17:13:27.000000000
Message: 
Patch Set 13:

(1 comment)
Line:358, engines/ep/src/collections/manager.cc -> That seems reasonable, will do

----------------------------------------------------------------------------------------------------------------------
