======================================================================================================================
DESCRIPTION:

MB-37416: Add scope aggregated stats

Introduce stats aggregated over all collections in a scope. This only
includes numeric stats which can be meaningfully summed across
collections. Collection can be specified by name or ID (hex, with
optional 0x prefix).

$ cbstats localhost:12000 scopes testscope
 testscope:id:                       0x8
 testscope:items:                    3
 testscope:mem_used:                 56969
 testscope:testcollection2:id:       0x9
 testscope:testcollection2:items:    1
 testscope:testcollection2:mem_used: 52153
 testscope:testcollection3:id:       0xa
 testscope:testcollection3:items:    0
 testscope:testcollection3:mem_used: 0
 ...

$ cbstats localhost:12000 scopes id 0x8
Or
$ cbstats localhost:12000 scopes id 0X8
Or
$ cbstats localhost:12000 scopes id 8
 testscope:id:                       0x8
 testscope:items:                    3
 testscope:mem_used:                 56969
 testscope:testcollection2:id:       0x9
 testscope:testcollection2:items:    1
 testscope:testcollection2:mem_used: 52153
 testscope:testcollection3:id:       0xa
 testscope:testcollection3:items:    0
 testscope:testcollection3:mem_used: 0
 ...

$ cbstats localhost:12000 scopes noscope
Stats 'scopes noscope' are not available from the requested engine. (Memcached error #140:  UNKNOWN_SCOPE : Operation specified an unknown scope. : {"manifest_uid":"7"})

$ cbstats localhost:12000 scopes id 0f
Stats 'scopes-byid 0xf' are not available from the requested engine. (Memcached error #140:  UNKNOWN_SCOPE : Operation specified an unknown scope. : {"manifest_uid":"7"})

Change-Id: Ib024c489b0b42506dfe9c7eaf3df63de8c457ca0

======================================================================================================================
COMMENTS
======================================================================================================================
Author: James H
Date: 2020-03-25 17:40:20.000000000
Message: 
Uploaded patch set 23.
----------------------------------------------------------------------------------------------------------------------
Author: Build Bot
Date: 2020-03-25 18:47:21.000000000
Message: 
Patch Set 23: Verified-1

Build Failed 

http://cv.jenkins.couchbase.com/job/kv_engine-windows-master/27093/ : FAILURE

Compile error at ..\kv_engine\engines\ep\src\couch-kvstore\couch-kvstore.cc(296): error C2039: "size": is not a member of "_docinfo" ( http://cv.jenkins.couchbase.com/job/kv_engine-windows-master/27093/ )

http://cv.jenkins.couchbase.com/job/kv_engine-clang_analyzer-master/23165/ : FAILURE

Compile error at /home/couchbase/jenkins/workspace/kv_engine-clang_analyzer-master/kv_engine/engines/ep/src/couch-kvstore/couch-kvstore.cc:296:15:
error: no member named "size" in "_docinfo"
 ( http://cv.jenkins.couchbase.com/job/kv_engine-clang_analyzer-master/23165/ )

http://cv.jenkins.couchbase.com/job/kv_engine.linux/job/master/2741/ : FAILURE

Compile error at [2020-03-25T18:21:26.433Z] ../kv_engine/engines/ep/src/couch-kvstore/couch-kvstore.cc:296:15:
error: ?DocInfo {aka struct _docinfo}? has no member named ?size?
 ( http://cv.jenkins.couchbase.com/job/kv_engine.linux/job/master/2741/ )

http://cv.jenkins.couchbase.com/job/kv_engine.linux-CE/job/master/2738/ : FAILURE

Compile error at [2020-03-25T18:21:01.160Z] ../kv_engine/engines/ep/src/couch-kvstore/couch-kvstore.cc:296:15:
error: ?DocInfo {aka struct _docinfo}? has no member named ?size?
 ( http://cv.jenkins.couchbase.com/job/kv_engine.linux-CE/job/master/2738/ )

http://cv.jenkins.couchbase.com/job/kv_engine.threadsanitizer/job/master/2789/ : FAILURE

Compile error at [2020-03-25T18:18:38.820Z] ../kv_engine/engines/ep/src/couch-kvstore/couch-kvstore.cc:296:15:
error: ?DocInfo {aka struct _docinfo}? has no member named ?size?
 ( http://cv.jenkins.couchbase.com/job/kv_engine.threadsanitizer/job/master/2789/ )

http://cv.jenkins.couchbase.com/job/kv_engine.ASan-UBSan/job/master/10595/ : FAILURE

Compile error at [2020-03-25T18:29:41.408Z] ../kv_engine/engines/ep/src/couch-kvstore/couch-kvstore.cc:296:15:
error: ?DocInfo {aka struct _docinfo}? has no member named ?size?
 ( http://cv.jenkins.couchbase.com/job/kv_engine.ASan-UBSan/job/master/10595/ )

http://cv.jenkins.couchbase.com/job/kv_engine.macos/job/master/1788/ : FAILURE

http://cv.jenkins.couchbase.com/job/kv_engine-clang_format/25463/ : SUCCESS

http://cv.jenkins.couchbase.com/job/kv_engine-clang_tidy/1342/ : SUCCESS
----------------------------------------------------------------------------------------------------------------------
