======================================================================================================================
DESCRIPTION:

MB-37416: Add scope aggregated stats

Introduce stats aggregated over all collections in a scope. This only
includes numeric stats which can be meaningfully summed across
collections. Collection can be specified by name or ID (hex, with
optional 0x prefix).

$ cbstats localhost:12000 scopes testscope
 testscope:id:                       0x8
 testscope:items:                    3
 testscope:mem_used:                 56969
 testscope:testcollection2:id:       0x9
 testscope:testcollection2:items:    1
 testscope:testcollection2:mem_used: 52153
 testscope:testcollection3:id:       0xa
 testscope:testcollection3:items:    0
 testscope:testcollection3:mem_used: 0
 ...

$ cbstats localhost:12000 scopes id 0x8
Or
$ cbstats localhost:12000 scopes id 0X8
Or
$ cbstats localhost:12000 scopes id 8
 testscope:id:                       0x8
 testscope:items:                    3
 testscope:mem_used:                 56969
 testscope:testcollection2:id:       0x9
 testscope:testcollection2:items:    1
 testscope:testcollection2:mem_used: 52153
 testscope:testcollection3:id:       0xa
 testscope:testcollection3:items:    0
 testscope:testcollection3:mem_used: 0
 ...

$ cbstats localhost:12000 scopes noscope
Stats 'scopes noscope' are not available from the requested engine. (Memcached error #140:  UNKNOWN_SCOPE : Operation specified an unknown scope. : {"manifest_uid":"7"})

$ cbstats localhost:12000 scopes id 0f
Stats 'scopes-byid 0xf' are not available from the requested engine. (Memcached error #140:  UNKNOWN_SCOPE : Operation specified an unknown scope. : {"manifest_uid":"7"})

Change-Id: Ib024c489b0b42506dfe9c7eaf3df63de8c457ca0

======================================================================================================================
COMMENTS
======================================================================================================================
Author: James H
Date: 2020-03-26 14:54:07.000000000
Message: 
Uploaded patch set 25.
----------------------------------------------------------------------------------------------------------------------
Author: Build Bot
Date: 2020-03-26 15:33:35.000000000
Message: 
Patch Set 25: Verified-1

Build Failed 

http://cv.jenkins.couchbase.com/job/kv_engine.linux-CE/job/master/2761/ : FAILURE

Failure of a CTest test [2020-03-26T15:03:28.845Z]  51/198 Test  #50: ep_testsuite_dcp.value_eviction.comp_active .................................. ( http://cv.jenkins.couchbase.com/job/kv_engine.linux-CE/job/master/2761/ )

http://cv.jenkins.couchbase.com/job/kv_engine-windows-master/27115/ : SUCCESS

http://cv.jenkins.couchbase.com/job/kv_engine-clang_analyzer-master/23187/ : SUCCESS

http://cv.jenkins.couchbase.com/job/kv_engine-clang_format/25485/ : SUCCESS

http://cv.jenkins.couchbase.com/job/kv_engine-clang_tidy/1368/ : SUCCESS

http://cv.jenkins.couchbase.com/job/kv_engine.linux/job/master/2763/ : SUCCESS

http://cv.jenkins.couchbase.com/job/kv_engine.threadsanitizer/job/master/2812/ : SUCCESS

http://cv.jenkins.couchbase.com/job/kv_engine.macos/job/master/1810/ : SUCCESS

http://cv.jenkins.couchbase.com/job/kv_engine.ASan-UBSan/job/master/10621/ : SUCCESS
----------------------------------------------------------------------------------------------------------------------
Author: Jim Walker
Date: 2020-03-26 15:37:22.000000000
Message: 
Patch Set 25: Code-Review+2
----------------------------------------------------------------------------------------------------------------------
