======================================================================================================================
DESCRIPTION:

MB-37416: Add scope aggregated stats

Introduce stats aggregated over all collections in a scope. This only
includes numeric stats which can be meaningfully summed across
collections. Collection can be specified by name or ID (hex, with
optional 0x prefix).

$ cbstats localhost:12000 scopes testscope
 testscope:id:                       0x8
 testscope:items:                    3
 testscope:mem_used:                 56969
 testscope:testcollection2:id:       0x9
 testscope:testcollection2:items:    1
 testscope:testcollection2:mem_used: 52153
 testscope:testcollection3:id:       0xa
 testscope:testcollection3:items:    0
 testscope:testcollection3:mem_used: 0
 ...

$ cbstats localhost:12000 scopes id 0x8
Or
$ cbstats localhost:12000 scopes id 0X8
Or
$ cbstats localhost:12000 scopes id 8
 testscope:id:                       0x8
 testscope:items:                    3
 testscope:mem_used:                 56969
 testscope:testcollection2:id:       0x9
 testscope:testcollection2:items:    1
 testscope:testcollection2:mem_used: 52153
 testscope:testcollection3:id:       0xa
 testscope:testcollection3:items:    0
 testscope:testcollection3:mem_used: 0
 ...

$ cbstats localhost:12000 scopes noscope
Stats 'scopes noscope' are not available from the requested engine. (Memcached error #140:  UNKNOWN_SCOPE : Operation specified an unknown scope. : {"manifest_uid":"7"})

$ cbstats localhost:12000 scopes id 0f
Stats 'scopes-byid 0xf' are not available from the requested engine. (Memcached error #140:  UNKNOWN_SCOPE : Operation specified an unknown scope. : {"manifest_uid":"7"})

Change-Id: Ib024c489b0b42506dfe9c7eaf3df63de8c457ca0

======================================================================================================================
COMMENTS
======================================================================================================================
Author: James H
Date: 2020-03-26 10:00:23.000000000
Message: 
Uploaded patch set 24: Patch Set 23 was rebased.
----------------------------------------------------------------------------------------------------------------------
Author: Build Bot
Date: 2020-03-26 12:01:54.000000000
Message: 
Patch Set 24: Verified+1

Build Successful 

http://cv.jenkins.couchbase.com/job/kv_engine-windows-master/27104/ : SUCCESS

http://cv.jenkins.couchbase.com/job/kv_engine-clang_analyzer-master/23176/ : SUCCESS

http://cv.jenkins.couchbase.com/job/kv_engine-clang_format/25474/ : SUCCESS

http://cv.jenkins.couchbase.com/job/kv_engine-clang_tidy/1356/ : SUCCESS

http://cv.jenkins.couchbase.com/job/kv_engine.threadsanitizer/job/master/2801/ : SUCCESS

http://cv.jenkins.couchbase.com/job/kv_engine.linux/job/master/2753/ : SUCCESS

http://cv.jenkins.couchbase.com/job/kv_engine.ASan-UBSan/job/master/10609/ : SUCCESS

http://cv.jenkins.couchbase.com/job/kv_engine.macos/job/master/1800/ : SUCCESS

http://cv.jenkins.couchbase.com/job/kv_engine.linux-CE/job/master/2751/ : SUCCESS
----------------------------------------------------------------------------------------------------------------------
Author: Jim Walker
Date: 2020-03-26 14:17:18.000000000
Message: 
Patch Set 24: Code-Review-1
----------------------------------------------------------------------------------------------------------------------
