======================================================================================================================
DESCRIPTION:

MB-48506: Make updating Checkpoint::queuedItemsMemUsage O(1) at expel

Change the logic from:
 1. Acquire CM::queueLock
 2. Extract items from Checkpoint::toWrite
 3. Scan all extracted items for recomputing checkpoint stats -> O(N)
 4. Release CM::queueLock
To:
 1. Acquire CM::queueLock
 2. Extract items from Checkpoint::toWrite
 3. Release CM::queueLock
 4. Scan all extracted items for recomputing checkpoint stats -> O(N)
 5. Acquire the CM::queueLock just for applying stats computed at (4)

Summary of benchs results:
- Approx. 200ms drop of runtime in the 10K bench on all configurations,
  20ms on the 1k bench.
- On all configurations but Memory/Open that represents ~ 65% drop in
  the runtime.
- On the Memory/Open configuration that represent ~ 15% drop in the
  runtime.

What's special in the Memory/Open checkpoint is that that's the only
checkpoint state where we need to scan that container of the expelled
items for updating the KeyIndex. That's the dominant runtime component
at Memory/Open.

Note: Minor improvements in the items:1/10/100 setups too. I report
only the most relevant 1k/10k for the sake of readability.

$ ./ep_engine_benchmarks --benchmark_filter="ExtractItemsToExpel" --benchmark_repetitions=10
Run on (24 X 2236.11 MHz CPU s)
CPU Caches:
  L1 Data 32 KiB (x12)
  L1 Instruction 32 KiB (x12)
  L2 Unified 256 KiB (x12)
  L3 Unified 15360 KiB (x2)

------------------------------------------------------------------------------------------------------------
Benchmark                                                                  Time             CPU   Iterations
------------------------------------------------------------------------------------------------------------

[BEFORE]

$ ./ep_engine_benchmarks --benchmark_filter="ExtractItemsToExpel/0/0/"
CheckpointBench/ExtractItemsToExpel/0/0/1000/iterations:1_median       33259 ns        31398 ns           10 type:Disk state:Open items:1000
CheckpointBench/ExtractItemsToExpel/0/0/1000/iterations:1_cv            3.88 %          3.64 %            10 type:Disk state:Open items:1000
-
CheckpointBench/ExtractItemsToExpel/0/0/10000/iterations:1_median     279926 ns       275774 ns           10 type:Disk state:Open items:10000
CheckpointBench/ExtractItemsToExpel/0/0/10000/iterations:1_cv           4.26 %          4.34 %            10 type:Disk state:Open items:10000

$ ./ep_engine_benchmarks --benchmark_filter="ExtractItemsToExpel/0/1/"
CheckpointBench/ExtractItemsToExpel/0/1/1000/iterations:1_median       33617 ns        31663 ns           10 type:Disk state:Closed items:1000
CheckpointBench/ExtractItemsToExpel/0/1/1000/iterations:1_cv            2.67 %          2.38 %            10 type:Disk state:Closed items:1000
-
CheckpointBench/ExtractItemsToExpel/0/1/10000/iterations:1_median     279728 ns       275503 ns           10 type:Disk state:Closed items:10000
CheckpointBench/ExtractItemsToExpel/0/1/10000/iterations:1_cv           4.40 %          4.49 %            10 type:Disk state:Closed items:10000

$ ./ep_engine_benchmarks --benchmark_filter="ExtractItemsToExpel/1/0/"
CheckpointBench/ExtractItemsToExpel/1/0/1000/iterations:1_median      122294 ns       120155 ns           10 type:Memory state:Open items:1000
CheckpointBench/ExtractItemsToExpel/1/0/1000/iterations:1_cv            3.65 %          3.61 %            10 type:Memory state:Open items:1000
-
CheckpointBench/ExtractItemsToExpel/1/0/10000/iterations:1_median    1379795 ns      1376762 ns           10 type:Memory state:Open items:10000
CheckpointBench/ExtractItemsToExpel/1/0/10000/iterations:1_cv           3.57 %          3.60 %            10 type:Memory state:Open items:10000

$ ./ep_engine_benchmarks --benchmark_filter="ExtractItemsToExpel/1/1/"
CheckpointBench/ExtractItemsToExpel/1/1/1000/iterations:1_median       33740 ns        31721 ns           10 type:Memory state:Closed items:1000
CheckpointBench/ExtractItemsToExpel/1/1/1000/iterations:1_cv            4.98 %          4.64 %            10 type:Memory state:Closed items:1000
-
CheckpointBench/ExtractItemsToExpel/1/1/10000/iterations:1_median     275213 ns       271359 ns           10 type:Memory state:Closed items:10000
CheckpointBench/ExtractItemsToExpel/1/1/10000/iterations:1_cv           2.66 %          2.73 %            10 type:Memory state:Closed items:10000

[AFTER]

$ ./ep_engine_benchmarks --benchmark_filter="ExtractItemsToExpel/0/0/"
CheckpointBench/ExtractItemsToExpel/0/0/1000/iterations:1_median       13750 ns        11668 ns           10 type:Disk state:Open items:1000
CheckpointBench/ExtractItemsToExpel/0/0/1000/iterations:1_cv            2.53 %          2.12 %            10 type:Disk state:Open items:1000
-
CheckpointBench/ExtractItemsToExpel/0/0/10000/iterations:1_median      79412 ns        75662 ns           10 type:Disk state:Open items:10000
CheckpointBench/ExtractItemsToExpel/0/0/10000/iterations:1_cv           2.14 %          2.01 %            10 type:Disk state:Open items:10000

$ ./ep_engine_benchmarks --benchmark_filter="ExtractItemsToExpel/0/1/"
CheckpointBench/ExtractItemsToExpel/0/1/1000/iterations:1_median       13642 ns        11388 ns           10 type:Disk state:Closed items:1000
CheckpointBench/ExtractItemsToExpel/0/1/1000/iterations:1_cv            3.01 %          2.92 %            10 type:Disk state:Closed items:1000
-
CheckpointBench/ExtractItemsToExpel/0/1/10000/iterations:1_median      78149 ns        74413 ns           10 type:Disk state:Closed items:10000
CheckpointBench/ExtractItemsToExpel/0/1/10000/iterations:1_cv           3.67 %          3.68 %            10 type:Disk state:Closed items:10000

$ ./ep_engine_benchmarks --benchmark_filter="ExtractItemsToExpel/1/0/"
CheckpointBench/ExtractItemsToExpel/1/0/1000/iterations:1_median      112515 ns       110589 ns           10 type:Memory state:Open items:1000
CheckpointBench/ExtractItemsToExpel/1/0/1000/iterations:1_cv            2.02 %          2.15 %            10 type:Memory state:Open items:1000
-
CheckpointBench/ExtractItemsToExpel/1/0/10000/iterations:1_median    1185134 ns      1181302 ns           10 type:Memory state:Open items:10000
CheckpointBench/ExtractItemsToExpel/1/0/10000/iterations:1_cv           3.46 %          3.32 %            10 type:Memory state:Open items:10000

$ ./ep_engine_benchmarks --benchmark_filter="ExtractItemsToExpel/1/1/"
CheckpointBench/ExtractItemsToExpel/1/1/1000/iterations:1_median       13340 ns        11298 ns           10 type:Memory state:Closed items:1000
CheckpointBench/ExtractItemsToExpel/1/1/1000/iterations:1_cv            4.39 %          3.70 %            10 type:Memory state:Closed items:1000
-
CheckpointBench/ExtractItemsToExpel/1/1/10000/iterations:1_median      78708 ns        74783 ns           10 type:Memory state:Closed items:10000
CheckpointBench/ExtractItemsToExpel/1/1/10000/iterations:1_cv           2.80 %          2.91 %            10 type:Memory state:Closed items:10000

Change-Id: I92c4ecf10293c7776de9333b717a4b254583692f

======================================================================================================================
COMMENTS
======================================================================================================================
Author: Paolo Cocchi
Date: 2021-10-07 07:43:56.000000000
Message: 
Uploaded patch set 12.
----------------------------------------------------------------------------------------------------------------------
Author: Build Bot
Date: 2021-10-07 09:47:18.000000000
Message: 
Patch Set 12: Verified-1

Build Failed 

http://cv.jenkins.couchbase.com/job/kv_engine-windows-master/40868/ : FAILURE

Failure of an engine_testapp test:

<pre>
Running [0023/0093]: test producer stream request (backfill)...(309 ms) OK


99% tests passed, 1 tests failed out of 410

Total Test time (real) = 370.33 sec

The following tests FAIL
</pre>
 ( http://cv.jenkins.couchbase.com/job/kv_engine-windows-master/40868/ )

Timeout of a CTest test 410/410 Test #281: ep_testsuite_dcp.ephemeral.comp_passive .......................................................................................} ( http://cv.jenkins.couchbase.com/job/kv_engine-windows-master/40868/ )

http://cv.jenkins.couchbase.com/job/kv_engine-clang_analyzer-master/34754/ : SUCCESS

http://cv.jenkins.couchbase.com/job/kv_engine-clang_tidy-master/13240/ : SUCCESS

http://cv.jenkins.couchbase.com/job/kv_engine-clang_format_9/12027/ : SUCCESS

http://cv.jenkins.couchbase.com/job/kv_engine.ASan-UBSan/job/master/23136/ : SUCCESS

http://cv.jenkins.couchbase.com/job/kv_engine.libFuzzer/job/master/2855/ : SUCCESS

http://cv.jenkins.couchbase.com/job/kv_engine.linux/job/master/15108/ : SUCCESS

http://cv.jenkins.couchbase.com/job/kv_engine.macos/job/master/13985/ : SUCCESS

http://cv.jenkins.couchbase.com/job/kv_engine.aarch64-linux/job/master/2893/ : SUCCESS

http://cv.jenkins.couchbase.com/job/kv_engine.threadsanitizer/job/master/15699/ : SUCCESS

http://cv.jenkins.couchbase.com/job/kv_engine.linux-CE/job/master/14844/ : SUCCESS
----------------------------------------------------------------------------------------------------------------------
Author: Build Bot
Date: 2021-10-07 11:05:13.000000000
Message: 
Patch Set 12:

Build Failed 

http://cv.jenkins.couchbase.com/job/kv_engine-windows-master/40880/ : FAILURE

Failure of an engine_testapp test:

<pre>
Running [0035/0158]: test access scanner...W1007 04:03:13.288162 70632 HazptrDomain.h:670] Using the default inline executor for asynchronous reclamation may be susceptible to deadlock if the current thread happens to hold a resource needed by the deleter of a reclaimable object
..\kv_engine\engines\ep\tests\ep_testsuite.cc:3514 Test failed: `access log file (./ep_testsuite.full_eviction.magmaaccess.log.0) should exist (got errno:0" (cb::io::isFile(name))
(1936 ms) FAIL
</pre>
 ( http://cv.jenkins.couchbase.com/job/kv_engine-windows-master/40880/ )

http://cv.jenkins.couchbase.com/job/kv_engine-clang_analyzer-master/34754/ : SUCCESS

http://cv.jenkins.couchbase.com/job/kv_engine-clang_tidy-master/13240/ : SUCCESS

http://cv.jenkins.couchbase.com/job/kv_engine-clang_format_9/12027/ : SUCCESS

http://cv.jenkins.couchbase.com/job/kv_engine.ASan-UBSan/job/master/23136/ : SUCCESS

http://cv.jenkins.couchbase.com/job/kv_engine.libFuzzer/job/master/2855/ : SUCCESS

http://cv.jenkins.couchbase.com/job/kv_engine.linux/job/master/15108/ : SUCCESS

http://cv.jenkins.couchbase.com/job/kv_engine.macos/job/master/13985/ : SUCCESS

http://cv.jenkins.couchbase.com/job/kv_engine.aarch64-linux/job/master/2893/ : SUCCESS

http://cv.jenkins.couchbase.com/job/kv_engine.threadsanitizer/job/master/15699/ : SUCCESS

http://cv.jenkins.couchbase.com/job/kv_engine.linux-CE/job/master/14844/ : SUCCESS
----------------------------------------------------------------------------------------------------------------------
Author: Paolo Cocchi
Date: 2021-10-07 12:11:16.000000000
Message: 
Patch Set 12: Verified+1

Unrelated at http://cv.jenkins.couchbase.com/job/kv_engine-windows-master/40880/
----------------------------------------------------------------------------------------------------------------------
Author: Paolo Cocchi
Date: 2021-10-07 12:11:18.000000000
Message: 
Removed Verified-1 by Build Bot <build@couchbase.com>

----------------------------------------------------------------------------------------------------------------------
Author: Dave Rigby
Date: 2021-10-07 13:18:56.000000000
Message: 
Patch Set 12: Code-Review+2
----------------------------------------------------------------------------------------------------------------------
