======================================================================================================================
DESCRIPTION:

MB-37416: Add scope aggregated stats

Introduce stats aggregated over all collections in a scope. This only
includes numeric stats which can be meaningfully summed across
collections. Collection can be specified by name or ID (hex, with
optional 0x prefix).

$ cbstats localhost:12000 scopes testscope
 testscope:id:                       0x8
 testscope:items:                    3
 testscope:mem_used:                 56969
 testscope:testcollection2:id:       0x9
 testscope:testcollection2:items:    1
 testscope:testcollection2:mem_used: 52153
 testscope:testcollection3:id:       0xa
 testscope:testcollection3:items:    0
 testscope:testcollection3:mem_used: 0
 ...

$ cbstats localhost:12000 scopes id 0x8
Or
$ cbstats localhost:12000 scopes id 0X8
Or
$ cbstats localhost:12000 scopes id 8
 testscope:id:                       0x8
 testscope:items:                    3
 testscope:mem_used:                 56969
 testscope:testcollection2:id:       0x9
 testscope:testcollection2:items:    1
 testscope:testcollection2:mem_used: 52153
 testscope:testcollection3:id:       0xa
 testscope:testcollection3:items:    0
 testscope:testcollection3:mem_used: 0
 ...

$ cbstats localhost:12000 scopes noscope
Stats 'scopes noscope' are not available from the requested engine. (Memcached error #140:  UNKNOWN_SCOPE : Operation specified an unknown scope. : {"manifest_uid":"7"})

$ cbstats localhost:12000 scopes id 0f
Stats 'scopes-byid 0xf' are not available from the requested engine. (Memcached error #140:  UNKNOWN_SCOPE : Operation specified an unknown scope. : {"manifest_uid":"7"})

Change-Id: Ib024c489b0b42506dfe9c7eaf3df63de8c457ca0

======================================================================================================================
COMMENTS
======================================================================================================================
Author: James H
Date: 2020-03-25 16:30:14.000000000
Message: 
Uploaded patch set 2: Patch Set 1 was rebased.
----------------------------------------------------------------------------------------------------------------------
Author: Build Bot
Date: 2020-03-25 16:30:29.000000000
Message: 
Patch Set 2:

Branch restricted. PLEASE READ this URL: 

http://server.jenkins.couchbase.com/job/restricted-branch-check/173908/artifact/restricted.html : FAILURE
----------------------------------------------------------------------------------------------------------------------
Author: Build Bot
Date: 2020-03-25 17:33:19.000000000
Message: 
Patch Set 2: Verified-1

Build Failed 

http://cv.jenkins.couchbase.com/job/kv_engine-windows-madhatter/1097/ : FAILURE

CMake error: couchstore/CMakeLists.txt:136 (ADD_EXECUTABLE) ( http://cv.jenkins.couchbase.com/job/kv_engine-windows-madhatter/1097/ )

http://cv.jenkins.couchbase.com/job/kv_engine-clang_analyzer-mad-hatter/1012/ : FAILURE

CMake error: couchstore/CMakeLists.txt:136 (ADD_EXECUTABLE) ( http://cv.jenkins.couchbase.com/job/kv_engine-clang_analyzer-mad-hatter/1012/ )

http://cv.jenkins.couchbase.com/job/kv_engine.ASan-UBSan/job/mad-hatter/1111/ : FAILURE

No problems were identified. If you know why this problem occurred, please add a suitable Cause for it. ( http://cv.jenkins.couchbase.com/job/kv_engine.ASan-UBSan/job/mad-hatter/1111/ )

http://cv.jenkins.couchbase.com/job/kv_engine.macos/job/mad-hatter/446/ : FAILURE

http://cv.jenkins.couchbase.com/job/kv_engine.threadsanitizer/job/mad-hatter/904/ : FAILURE

No problems were identified. If you know why this problem occurred, please add a suitable Cause for it. ( http://cv.jenkins.couchbase.com/job/kv_engine.threadsanitizer/job/mad-hatter/904/ )

http://cv.jenkins.couchbase.com/job/kv_engine.linux-CE/job/mad-hatter/1128/ : FAILURE

No problems were identified. If you know why this problem occurred, please add a suitable Cause for it. ( http://cv.jenkins.couchbase.com/job/kv_engine.linux-CE/job/mad-hatter/1128/ )

http://cv.jenkins.couchbase.com/job/kv_engine.linux/job/mad-hatter/1119/ : FAILURE

No problems were identified. If you know why this problem occurred, please add a suitable Cause for it. ( http://cv.jenkins.couchbase.com/job/kv_engine.linux/job/mad-hatter/1119/ )

http://cv.jenkins.couchbase.com/job/kv_engine-clang_format/25456/ : SUCCESS
----------------------------------------------------------------------------------------------------------------------
Author: James H
Date: 2020-03-25 17:38:37.000000000
Message: 
Abandoned

uploaded to wrong branch :facepalm:
----------------------------------------------------------------------------------------------------------------------
