======================================================================================================================
DESCRIPTION:

MB-37416: Expose per-collection stats by name or ID

Previously, collection stats were available at manifest-level (exposing
what collections and scopes exist) or per-vbucket (e.g., memory usage of a
collection for each vbucket). This patch aggregates the per-vbucket
stats, and makes them available by collection name or ID (hex, with
optional 0x prefix).

$ cbstats localhost:12000 collections testscope.testcollection3
 testscope:testcollection3:id:       0xa
 testscope:testcollection3:items:    0
 testscope:testcollection3:mem_used: 0

$ cbstats localhost:12000 collections id 0xa
 testscope:testcollection3:id:       0xa
 testscope:testcollection3:items:    0
 testscope:testcollection3:mem_used: 0

$ cbstats localhost:12000 collections id 0Xa
 testscope:testcollection3:id:       0xa
 testscope:testcollection3:items:    0
 testscope:testcollection3:mem_used: 0

$ cbstats localhost:12000 collections id a
 testscope:testcollection3:id:       0xa
 testscope:testcollection3:items:    0
 testscope:testcollection3:mem_used: 0

Specifying an incorrect collection:

$ cbstats localhost:12000 collections testscope.bar
Stats 'collections testscope.bar' are not available from the requested engine. (Memcached error #136:  UNKNOWN_COLLECTION : Operation specified an unknown collection. : {"manifest_uid":"7"})

$ cbstats localhost:12000 collections id af
Stats 'collections-byid 0xaf' are not available from the requested engine. (Memcached error #136:  UNKNOWN_COLLECTION : Operation specified an unknown collection. : {"manifest_uid":"7"})

Change-Id: I1fe4113eff9c36c2695b4f633aa75a9c3209a726

======================================================================================================================
COMMENTS
======================================================================================================================
Author: James H
Date: 2020-03-25 16:30:14.000000000
Message: 
Uploaded patch set 2.
----------------------------------------------------------------------------------------------------------------------
Author: Build Bot
Date: 2020-03-25 16:30:26.000000000
Message: 
Patch Set 2:

Branch restricted. PLEASE READ this URL: 

http://server.jenkins.couchbase.com/job/restricted-branch-check/173907/artifact/restricted.html : FAILURE
----------------------------------------------------------------------------------------------------------------------
Author: Build Bot
Date: 2020-03-25 17:32:04.000000000
Message: 
Patch Set 2: Verified-1

Build Failed 

http://cv.jenkins.couchbase.com/job/kv_engine-windows-madhatter/1096/ : FAILURE

CMake error: couchstore/CMakeLists.txt:136 (ADD_EXECUTABLE) ( http://cv.jenkins.couchbase.com/job/kv_engine-windows-madhatter/1096/ )

http://cv.jenkins.couchbase.com/job/kv_engine-clang_analyzer-mad-hatter/1011/ : FAILURE

CMake error: couchstore/CMakeLists.txt:136 (ADD_EXECUTABLE) ( http://cv.jenkins.couchbase.com/job/kv_engine-clang_analyzer-mad-hatter/1011/ )

http://cv.jenkins.couchbase.com/job/kv_engine.ASan-UBSan/job/mad-hatter/1110/ : FAILURE

No problems were identified. If you know why this problem occurred, please add a suitable Cause for it. ( http://cv.jenkins.couchbase.com/job/kv_engine.ASan-UBSan/job/mad-hatter/1110/ )

http://cv.jenkins.couchbase.com/job/kv_engine.macos/job/mad-hatter/445/ : FAILURE

http://cv.jenkins.couchbase.com/job/kv_engine.threadsanitizer/job/mad-hatter/903/ : FAILURE

No problems were identified. If you know why this problem occurred, please add a suitable Cause for it. ( http://cv.jenkins.couchbase.com/job/kv_engine.threadsanitizer/job/mad-hatter/903/ )

http://cv.jenkins.couchbase.com/job/kv_engine.linux-CE/job/mad-hatter/1127/ : FAILURE

No problems were identified. If you know why this problem occurred, please add a suitable Cause for it. ( http://cv.jenkins.couchbase.com/job/kv_engine.linux-CE/job/mad-hatter/1127/ )

http://cv.jenkins.couchbase.com/job/kv_engine.linux/job/mad-hatter/1118/ : FAILURE

No problems were identified. If you know why this problem occurred, please add a suitable Cause for it. ( http://cv.jenkins.couchbase.com/job/kv_engine.linux/job/mad-hatter/1118/ )

http://cv.jenkins.couchbase.com/job/kv_engine-clang_format/25455/ : SUCCESS
----------------------------------------------------------------------------------------------------------------------
Author: James H
Date: 2020-03-25 17:38:31.000000000
Message: 
Abandoned

uploaded to wrong branch :facepalm:
----------------------------------------------------------------------------------------------------------------------
