======================================================================================================================
DESCRIPTION:

MB-37416: Expose per-collection stats by name or ID

Previously, collection stats were available at manifest-level (exposing
what collections and scopes exist) or per-vbucket (e.g., memory usage of a
collection for each vbucket). This patch aggregates the per-vbucket
stats, and makes them available by collection name or ID (hex, with
optional 0x prefix).

$ cbstats localhost:12000 collections testscope.testcollection3
 testscope:testcollection3:id:       0xa
 testscope:testcollection3:items:    0
 testscope:testcollection3:mem_used: 0

$ cbstats localhost:12000 collections id 0xa
 testscope:testcollection3:id:       0xa
 testscope:testcollection3:items:    0
 testscope:testcollection3:mem_used: 0

$ cbstats localhost:12000 collections id 0Xa
 testscope:testcollection3:id:       0xa
 testscope:testcollection3:items:    0
 testscope:testcollection3:mem_used: 0

$ cbstats localhost:12000 collections id a
 testscope:testcollection3:id:       0xa
 testscope:testcollection3:items:    0
 testscope:testcollection3:mem_used: 0

Specifying an incorrect collection:

$ cbstats localhost:12000 collections testscope.bar
Stats 'collections testscope.bar' are not available from the requested engine. (Memcached error #136:  UNKNOWN_COLLECTION : Operation specified an unknown collection. : {"manifest_uid":"7"})

$ cbstats localhost:12000 collections id af
Stats 'collections-byid 0xaf' are not available from the requested engine. (Memcached error #136:  UNKNOWN_COLLECTION : Operation specified an unknown collection. : {"manifest_uid":"7"})

Change-Id: I1fe4113eff9c36c2695b4f633aa75a9c3209a726

======================================================================================================================
COMMENTS
======================================================================================================================
Author: James H
Date: 2020-03-25 16:27:23.000000000
Message: 
Uploaded patch set 1.
----------------------------------------------------------------------------------------------------------------------
Author: Build Bot
Date: 2020-03-25 16:27:35.000000000
Message: 
Patch Set 1: Well-Formed-1

Branch restricted. PLEASE READ this URL: 

http://server.jenkins.couchbase.com/job/restricted-branch-check/173904/artifact/restricted.html : FAILURE
----------------------------------------------------------------------------------------------------------------------
Author: Build Bot
Date: 2020-03-25 16:30:15.000000000
Message: 
Patch Set 1: Verified-1

Build Failed 

http://cv.jenkins.couchbase.com/job/kv_engine.ASan-UBSan/job/mad-hatter/1108/ : ABORTED

http://cv.jenkins.couchbase.com/job/kv_engine.macos/job/mad-hatter/443/ : ABORTED

Build which was aborted due to a newer patch set being uploaded for the given review. ( http://cv.jenkins.couchbase.com/job/kv_engine.macos/job/mad-hatter/443/ )

http://cv.jenkins.couchbase.com/job/kv_engine.linux-CE/job/mad-hatter/1125/ : ABORTED

Build which was aborted due to a newer patch set being uploaded for the given review. ( http://cv.jenkins.couchbase.com/job/kv_engine.linux-CE/job/mad-hatter/1125/ )

http://cv.jenkins.couchbase.com/job/kv_engine-windows-madhatter/1094/ : FAILURE

CMake error: couchstore/CMakeLists.txt:136 (ADD_EXECUTABLE) ( http://cv.jenkins.couchbase.com/job/kv_engine-windows-madhatter/1094/ )

http://cv.jenkins.couchbase.com/job/kv_engine-clang_analyzer-mad-hatter/1009/ : FAILURE

CMake error: couchstore/CMakeLists.txt:136 (ADD_EXECUTABLE) ( http://cv.jenkins.couchbase.com/job/kv_engine-clang_analyzer-mad-hatter/1009/ )

http://cv.jenkins.couchbase.com/job/kv_engine.linux/job/mad-hatter/1116/ : FAILURE

No problems were identified. If you know why this problem occurred, please add a suitable Cause for it. ( http://cv.jenkins.couchbase.com/job/kv_engine.linux/job/mad-hatter/1116/ )

http://cv.jenkins.couchbase.com/job/kv_engine.threadsanitizer/job/mad-hatter/901/ : FAILURE

No problems were identified. If you know why this problem occurred, please add a suitable Cause for it. ( http://cv.jenkins.couchbase.com/job/kv_engine.threadsanitizer/job/mad-hatter/901/ )

http://cv.jenkins.couchbase.com/job/kv_engine-clang_format/25453/ : SUCCESS
----------------------------------------------------------------------------------------------------------------------
